{"downloaded": 67108864, "total": 2683141762, "percent": 2.5}
{"downloaded": 134217728, "total": 2683141762, "percent": 5.0}
{"downloaded": 201326592, "total": 2683141762, "percent": 7.5}
{"downloaded": 268435456, "total": 2683141762, "percent": 10.0}
{"downloaded": 335544320, "total": 2683141762, "percent": 12.5}
Traceback (most recent call last):
  File "/home/runner/work/wayne-hyperos4/wayne-hyperos4/tools/ci_build_candidate.py", line 197, in <module>
    if __name__=='__main__':main()
                            ^^^^^^
  File "/home/runner/work/wayne-hyperos4/wayne-hyperos4/tools/ci_build_candidate.py", line 182, in main
    if args.stage:stage(args.stage);return
                  ^^^^^^^^^^^^^^^^^
  File "/home/runner/work/wayne-hyperos4/wayne-hyperos4/tools/ci_build_candidate.py", line 45, in stage
    download('https://drive.usercontent.google.com/download?id=1_Tu-HcN1PIz4PItm5vvCuh5FrjJpfDTX&export=download&confirm=t',
  File "/home/runner/work/wayne-hyperos4/wayne-hyperos4/tools/download_verified.py", line 22, in download
    for span, block in zip(spans, blocks):
  File "/opt/hostedtoolcache/Python/3.11.16/x64/lib/python3.11/concurrent/futures/_base.py", line 619, in result_iterator
    yield _result_or_cancel(fs.pop())
          ^^^^^^^^^^^^^^^^^^^^^^^^^^^
  File "/opt/hostedtoolcache/Python/3.11.16/x64/lib/python3.11/concurrent/futures/_base.py", line 317, in _result_or_cancel
    return fut.result(timeout)
           ^^^^^^^^^^^^^^^^^^^
  File "/opt/hostedtoolcache/Python/3.11.16/x64/lib/python3.11/concurrent/futures/_base.py", line 456, in result
    return self.__get_result()
           ^^^^^^^^^^^^^^^^^^^
  File "/opt/hostedtoolcache/Python/3.11.16/x64/lib/python3.11/concurrent/futures/_base.py", line 401, in __get_result
    raise self._exception
  File "/opt/hostedtoolcache/Python/3.11.16/x64/lib/python3.11/concurrent/futures/thread.py", line 58, in run
    result = self.fn(*self.args, **self.kwargs)
             ^^^^^^^^^^^^^^^^^^^^^^^^^^^^^^^^^^
  File "/home/runner/work/wayne-hyperos4/wayne-hyperos4/tools/download_verified.py", line 21, in <lambda>
    blocks = pool.map(lambda span: remote.range(*span), spans)
                                   ^^^^^^^^^^^^^^^^^^^
  File "/home/runner/work/wayne-hyperos4/wayne-hyperos4/tools/inspect_ota.py", line 27, in range
    return b''.join(pool.map(lambda span: self.range(*span), spans))
           ^^^^^^^^^^^^^^^^^^^^^^^^^^^^^^^^^^^^^^^^^^^^^^^^^^^^^^^^^
  File "/opt/hostedtoolcache/Python/3.11.16/x64/lib/python3.11/concurrent/futures/_base.py", line 619, in result_iterator
    yield _result_or_cancel(fs.pop())
          ^^^^^^^^^^^^^^^^^^^^^^^^^^^
  File "/opt/hostedtoolcache/Python/3.11.16/x64/lib/python3.11/concurrent/futures/_base.py", line 317, in _result_or_cancel
    return fut.result(timeout)
           ^^^^^^^^^^^^^^^^^^^
  File "/opt/hostedtoolcache/Python/3.11.16/x64/lib/python3.11/concurrent/futures/_base.py", line 456, in result
    return self.__get_result()
           ^^^^^^^^^^^^^^^^^^^
  File "/opt/hostedtoolcache/Python/3.11.16/x64/lib/python3.11/concurrent/futures/_base.py", line 401, in __get_result
    raise self._exception
  File "/opt/hostedtoolcache/Python/3.11.16/x64/lib/python3.11/concurrent/futures/thread.py", line 58, in run
    result = self.fn(*self.args, **self.kwargs)
             ^^^^^^^^^^^^^^^^^^^^^^^^^^^^^^^^^^
  File "/home/runner/work/wayne-hyperos4/wayne-hyperos4/tools/inspect_ota.py", line 27, in <lambda>
    return b''.join(pool.map(lambda span: self.range(*span), spans))
                                          ^^^^^^^^^^^^^^^^^
  File "/home/runner/work/wayne-hyperos4/wayne-hyperos4/tools/inspect_ota.py", line 34, in range
    raise ValueError('Server must honor Range; refusing whole-file fallback')
ValueError: Server must honor Range; refusing whole-file fallback

