445-                base::Join(notSupported.versions(), ", ") + "]. Supported versions are: [" +
446-                base::Join(manifestSystemSdk.versions(), ", ") + "].";
447-        }
448-        return false;
449-    }
450-    return true;
451-}
452-
453:bool HalManifest::checkCompatibility(const CompatibilityMatrix& mat, std::string* error,
454-                                     CheckFlags::Type flags) const {
455-    if (mType == mat.mType) {
456-        if (error != nullptr) {
457-            *error = "Wrong type; checking " + to_string(mType) + " manifest against "
458-                    + to_string(mat.mType) + " compatibility matrix";
459-        }
460-        return false;
461-    }
--
695-}
696-
697-bool HalManifest::empty() const {
698-    HalManifest emptyManifest;
699-    emptyManifest.setType(type());
700-    return (*this) == emptyManifest;
701-}
702-
703:const std::optional<KernelInfo>& HalManifest::kernel() const {
704-    return device.mKernel;
705-}
706-
707:bool HalManifest::mergeKernel(std::optional<KernelInfo>* other, std::string* error) {
708-    if (!other->has_value()) {
709-        return true;
710-    }
711-
712-    if (device.mKernel.has_value()) {
713-        if (!device.mKernel->merge(&**other, error)) {
714-            return false;
715-        }
/*
 * Copyright (C) 2017 The Android Open Source Project
 *
 * Licensed under the Apache License, Version 2.0 (the "License");
 * you may not use this file except in compliance with the License.
 * You may obtain a copy of the License at
 *
 *      http://www.apache.org/licenses/LICENSE-2.0
 *
 * Unless required by applicable law or agreed to in writing, software
 * distributed under the License is distributed on an "AS IS" BASIS,
 * WITHOUT WARRANTIES OR CONDITIONS OF ANY KIND, either express or implied.
 * See the License for the specific language governing permissions and
 * limitations under the License.
 */

#include "MatrixHal.h"

#include <algorithm>

#include "MapValueIterator.h"
#include "constants-private.h"
#include "utils.h"

namespace android {
namespace vintf {

using details::convertLegacyInstanceIntoFqInstance;

bool MatrixHal::isValid(std::string* error) const {
    bool success = true;

    // Check legacy instances (i.e. <version> + <interface> + <instance>) can be
    // converted into FqInstance because forEachInstance relies on FqInstance.
    // Because <version> is a range, check both ends of the range.
    for (const auto& vr : versionRanges) {
        for (const auto& v : {vr.minVer(), vr.maxVer()}) {
            for (const auto& intf : iterateValues(interfaces)) {
                intf.forEachInstance(
                    [&](const auto& interface, const auto& instance, bool /*isRegex*/) {
                        if (!convertLegacyInstanceIntoFqInstance(getName(), v, interface, instance,
                                                                 format, error)
                                 .has_value()) {
                            success = false;
                        }
                        return true;  // continue
                    });
            }
        }
    }

    return success;
}

bool MatrixHal::operator==(const MatrixHal &other) const {
    if (format != other.format)
        return false;
    if (name != other.name)
        return false;
    if (versionRanges != other.versionRanges)
        return false;
    if (interfaces != other.interfaces) return false;
    return true;
}

bool MatrixHal::containsVersion(const Version& version) const {
    for (VersionRange vRange : versionRanges) {
        if (vRange.contains(version)) return true;
    }
    return false;
}

bool MatrixHal::forEachInstance(const std::function<bool(const MatrixInstance&)>& func) const {
    for (const auto& vr : versionRanges) {
        if (!forEachInstance(vr, func)) {
            return false;
        }
    }
    return true;
}

bool MatrixHal::forEachInstance(const VersionRange& vr,
                                const std::function<bool(const MatrixInstance&)>& func) const {
    for (const auto& intf : iterateValues(interfaces)) {
        bool cont =
            intf.forEachInstance([&](const auto& interface, const auto& instance, bool isRegex) {
                // TODO(b/73556059): Store MatrixInstance as well to avoid creating temps
                FqInstance fqInstance;
                if (fqInstance.setTo(getName(), vr.majorVer, vr.minMinor, interface, instance)) {
                    if (!func(MatrixInstance(format, exclusiveTo, std::move(fqInstance),
                                             VersionRange(vr), isRegex))) {
                        return false;
                    }
                }
                return true;
            });
        if (!cont) {
            return false;
        }
    }
    return true;
}

bool MatrixHal::forEachInstance(
    const std::function<bool(const std::vector<VersionRange>&, const std::string&,
                             const std::string&, bool isRegex)>& func) const {
    for (const auto& intf : iterateValues(interfaces)) {
        bool cont =
            intf.forEachInstance([&](const auto& interface, const auto& instance, bool isRegex) {
                return func(this->versionRanges, interface, instance, isRegex);
/*
 * Copyright (C) 2017 The Android Open Source Project
 *
 * Licensed under the Apache License, Version 2.0 (the "License");
 * you may not use this file except in compliance with the License.
 * You may obtain a copy of the License at
 *
 *      http://www.apache.org/licenses/LICENSE-2.0
 *
 * Unless required by applicable law or agreed to in writing, software
 * distributed under the License is distributed on an "AS IS" BASIS,
 * WITHOUT WARRANTIES OR CONDITIONS OF ANY KIND, either express or implied.
 * See the License for the specific language governing permissions and
 * limitations under the License.
 */

#ifndef ANDROID_VINTF_MATRIX_HAL_H
#define ANDROID_VINTF_MATRIX_HAL_H

#include <map>
#include <set>
#include <string>
#include <vector>

#include "ExclusiveTo.h"
#include "HalFormat.h"
#include "HalInterface.h"
#include "MatrixInstance.h"
#include "VersionRange.h"

namespace android {
namespace vintf {

// A HAL entry to a compatibility matrix
struct MatrixHal {
    using InstanceType = MatrixInstance;

    bool operator==(const MatrixHal &other) const;
    // Check whether the MatrixHal contains the given version.
    bool containsVersion(const Version& version) const;

    HalFormat format = HalFormat::HIDL;
    std::string name;
    std::vector<VersionRange> versionRanges;
    ExclusiveTo exclusiveTo = ExclusiveTo::EMPTY;
    bool updatableViaApex = false;
    std::map<std::string, HalInterface> interfaces;

    inline const std::string& getName() const { return name; }

    // Assumes isValid().
    bool forEachInstance(const std::function<bool(const MatrixInstance&)>& func) const;

   private:
    friend struct HalManifest;
    friend struct CompatibilityMatrix;
    friend struct MatrixHalConverter;

    // Whether this hal is a valid one. Note that an empty MatrixHal
    // (constructed via MatrixHal()) is valid.
    [[nodiscard]] bool isValid(std::string* error = nullptr) const;

    friend std::string expandInstances(const MatrixHal& req, const VersionRange& vr, bool brace);
    friend std::vector<std::string> expandInstances(const MatrixHal& req);

    // Loop over interface/instance for a specific VersionRange.
    // Assumes isValid().
    bool forEachInstance(const VersionRange& vr,
                         const std::function<bool(const MatrixInstance&)>& func) const;
    // Loop over interface/instance. VersionRange is supplied to the function as a vector.
    // Assumes isValid().
    bool forEachInstance(
        const std::function<bool(const std::vector<VersionRange>&, const std::string&,
                                 const std::string& instanceOrPattern, bool isRegex)>& func) const;

    void insertVersionRanges(const std::vector<VersionRange>& other);
    // Return size of all interface/instance pairs.
    size_t instancesCount() const;
    void insertInstance(const std::string& interface, const std::string& instance, bool isRegex);
    // Remove a specific interface/instances. Return true if removed, false otherwise.
229-    </hal>
230-    <hal format="hidl" optional="true">
231:        <name>android.hardware.graphics.composer</name>
232-        <version>2.1-4</version>
233-        <interface>
