# 小米 6X（wayne）HyperOS 4 移植调查工程

状态：**移植未完成，未生成卡刷包或线刷包。** 已实际获取并分析下述镜像，不将供体原包或仅修改版本号的文件称为移植 ROM。用户指定 4.19 内核、不进行真机测试；本工程按这个约束调查。

## 当前供体选择

| 候选 | 硬件／内核 | 核验状态 | 用途 |
| --- | --- | --- | --- |
| Redmi Note 11 spes | Snapdragon 680；包内 boot 确认 4.19.325 | OS4／Android 17 为发布者声明，system 待核验；OTA metadata 沿用 Android 13 | 首选候选 |
| Mi8937（santoni/ugg/land） | Snapdragon 430/435 等；包内 boot 确认 4.19.325 | 完整 ZIP CRC 检查通过；内部系统版本待核验 | 旧平台补丁参考及备选 |
| Redmi Note 12 4G tapas/topaz | Snapdragon 685；官方内核源码 5.15 | 找到 OS4 社区包链接 | 次级候选 |
| Redmi Note 7 lavender | Snapdragon 660，与 6X 同 SoC | 本次未找到可核验的 OS4 包 | 有来源再评估 |

详见 [供体比较](docs/donors.md) 与 [操作记录](docs/worklog.md)。供体 boot、vendor、固件不能直接刷入 6X。

## 已取得的材料

| 材料 | 实际核验 | 本地位置 |
| --- | --- | --- |
| 小米 15 `OS4.0.0.8.XOCCNXM` 原包 | 官方 CDN 实际响应；Android 17、SDK 37；payload 元数据哈希及分区操作/完整分区 SHA-256 | `research/donor-dada-os4/` |
| HyperOS 4 `system.img`、`system_ext.img`、`init_boot.img` | 分区大小和 SHA-256 与 payload 清单一致；system、system_ext 的 EROFS 检查及解包成功 | 同上 |
| wayne Miku UI Android 15 底包 | OTA 中 `pre-device=wayne`，SDK 35，BLOCK OTA，retrofit 动态分区 | `research/base-miku-a15/` |
| 底包 boot.img、vendor 数据 | ZIP 条目 CRC 核验；vendor 由完整 block OTA 重建并通过 EROFS 检查 | 同上 |
| 底包内核 | 从 boot 内核二进制解压得到 `4.19.315-Miku-Vampire_v2-g3a74d7` | `research/base-miku-a15/kernel-version.txt` |
| 6X 原厂 MIUI 12 Android 9 | 原包目录、OTA 元数据、安装脚本已核验；仅作为固件来源参考，未作为 Android 17 的 vendor 底包 | `research/stock-wayne/` |
| wayne 设备树、内核配置、vendor 构建文件 | 固定提交；内核源码与 vendor 为部分检出 | `sources/`、`sources.lock.json` |

小米 15 和 wayne 底包使用 HTTP Range 获取所需条目和 payload 分区，没有下载这两个完整 ZIP。其他候选包获取状态见日志。未验证整包 SHA-256 或小米 OTA 签名。内核 4.19.315 是所下载参考底包的版本，不代表已取得用户手机当前内核的配置或二进制。

## 为什么先分析小米 15

该包是查到且能够实际获取的高通 HyperOS 4 完整 OTA；其系统分区用于检查框架和运行库。选择它不意味着其 SoC、驱动、启动镜像与 6X 兼容。后续依照用户要求检索更接近的设备，现改以 Redmi Note 11（spes）的 4.19 社区移植包为首选候选，小米 15 留作官方框架对照。

查询的公开 ROM 数据库在此次查询中没有返回 Android 16 版 HyperOS 4；搜索到的小米 13 `OS4.*.PRE` 信息是 Android 17 内部测试记录，没有据此取得可用原包。此结论仅覆盖本次检索，不能证明所有渠道都没有其他包。

## 静态检查发现的问题

1. **FCM 不匹配。** 已解出的 wayne vendor manifest 声明 `target-level=5`。供体 system 包含 7、8、202404、202504、202604 矩阵，缺少 5。现有等级 7 的内核条目是 5.10.107/5.15.41。不能直接将 vendor 等级改成 7 并宣称兼容；需要恢复旧接口支持、逐项核对 HAL 和内核要求。
2. **启动布局不同。** 参考 boot 为 header v1，内核及 ramdisk 同处 boot；供体 init_boot 为 header v4，并有独立 vendor_boot。供体 boot 分区镜像 96 MiB，而参考设备树的 boot 上限是 64 MiB。需要以 6X 内核、DTB、cmdline、挂载布局重新构建启动镜像。
3. **未裁剪组合超过参考分区组。** 供体 system、system_ext、product、mi_ext 加参考 vendor 共 6,514,757,632 字节，参考底包组上限 6,241,120,256 字节，超出 273,637,376 字节（约 261 MiB）。这只是镜像大小比较，未计重打包变化、额外分区和必要余量；真实手机分区几何未验证。需要裁剪并重新生成镜像及 logical 分区布局。
4. **旧 HAL 的运行时兼容未验证。** 已检查相机和显示 HAL 的 DT_NEEDED；直接依赖库文件在当前 vendor/system/system_ext 组合中能找到。尚未验证导出符号和 linker namespace，因此不能宣称相机或显示能工作。
5. **SELinux 仅完成映射存在性检查。** 参考 vendor policy 为 202404，供体包含对应 mapping。组合策略未编译，其他厂商扩展域、init 服务、APEX、BPF、加密兼容尚未解决。

以上否定的是未经适配的直接替换方案，**不构成“4.19 必然不能移植 HyperOS 4”的证明**。当前不足以交付完成的实验刷机包。

## 实際方案与下一步工作

目标路线是以 wayne 4.19 + retrofit 动态分区底包的内核、vendor、fstab、设备 init 配置为基础，适配 HyperOS 4 系统框架。需要先完成 FCM/旧 HIDL 兼容层及 linker/SELinux 检查，再构建 boot 和适配后的 system/system_ext/product/mi_ext。保留 6X 自身硬件固件；供体 bootloader、modem、tz 等不是这个移植方案的可用部件。

公开的一键移植工具不能直接处理这一组合。`toraidl/hyperos_port` 文档面向 Android 13 底包移植 Android 14；`luxured-duchamp/hosport` 文档面向 Android 15 底包、Android 16 HyperOS 3，并声明 5.10+ GKI 平台支持。本次只参考其流程，没有执行其打包脚本或据此宣称支持 6X。

## 可复现操作

Python 3.11+；`pip install -r requirements.txt`。HTTP 检查、payload 提取、block OTA 转换与 boot 检查脚本不调用 fastboot/adb、不操作手机分区。

```bash
python3 tools/inspect_ota.py 'https://cdnorg.d.miui.com/OS4.0.0.8.XOCCNXM/dada-ota_full-OS4.0.0.8.XOCCNXM-user-17.0-f6a0447d15.zip' research/donor-dada-os4
python3 tools/extract_payload_partition.py research/donor-dada-os4 system research/donor-dada-os4/system.img
python3 tools/extract_payload_partition.py research/donor-dada-os4 system_ext research/donor-dada-os4/system_ext.img
python3 tools/extract_payload_partition.py research/donor-dada-os4 init_boot research/donor-dada-os4/init_boot.img
python3 tools/inspect_ota.py 'https://downloads.sourceforge.net/project/divarelease/wayne_Vampire_v0.6.0/MikuUI-Vampire_v2-wayne-25020901-OFFICIAL.zip' research/base-miku-a15 --extract-entry boot.img --extract-entry vendor.new.dat.br --extract-entry vendor.transfer.list
python3 tools/convert_block_ota.py research/base-miku-a15/vendor.new.dat.br research/base-miku-a15/vendor.transfer.list 209600512 research/base-miku-a15/vendor.img
python3 tools/unpack_boot.py research/base-miku-a15/boot.img research/base-miku-a15
python3 tools/unpack_boot.py research/donor-dada-os4/init_boot.img research/donor-dada-os4
```

用 `fsck.erofs --extract=<目录> <镜像>` 分别解出 system、system_ext、vendor。环境里使用 Debian erofs-utils 1.8.6，位于 `tools/local/usr/bin/`，下载包保留在同目录；只解出用户空间工具，没有安装系统包。随后运行 `python3 tools/audit_pair.py` 重新计算 `audit.json`。

公开仓库保存脚本、来源记录、检查报告和操作日志。大型镜像与解包目录不提交到 Git；最终产物通过 Releases 或分卷资产发布，并在 `artifacts/` 记录大小、SHA-256、构建提交和验证范围。当前没有最终 ROM，也没有已发布的研究备份包。

## 来源

- [HyperOS 官方页面](https://hyperos.mi.com/)
- [供体下载索引](https://miuirom.org/updates/hyperos-4)（使用其中链接取得 CDN 内实际元数据，技术结论以下载数据为准）
- [公开 ROM 数据库](https://roms.xiaomi-miui.gr/)
- [Miku UI 发布者的 wayne 动态分区说明](https://github.com/Diva-Room/DivaRelease/blob/wayne_nndp/README.md)
- [Miku UI wayne Android 15 发布文件](https://sourceforge.net/projects/divarelease/files/wayne_Vampire_v0.6.0/)
- [wayne 设备树](https://github.com/Diva-Room/Miku_device_xiaomi_wayne/tree/Vampire_v2)
- [wayne 内核](https://github.com/Diva-Room/Miku_kernel_xiaomi_wayne/tree/Vampire_v2)
- [wayne vendor 构建文件](https://github.com/Diva-Room/Miku_vendor_xiaomi_wayne/tree/Vampire_v2)
- [Android VINTF 匹配规则](https://source.android.com/docs/core/architecture/vintf/match-rules)
- [早期 HyperOS 移植工程](https://github.com/toraidl/hyperos_port)
- [HyperOS 3 Android 16 移植工程](https://github.com/luxured-duchamp/hosport)
- 使用已授权 CLI 请求新建公开仓库 `gaozhenyang56-blip/wayne-hyperos4`。
- 返回：`GraphQL: Resource not accessible by integration (createRepository)`，退出码 1。未建立远程仓库，也未上传文件。
- 精确命令、时间和输出：`logs/20261006T063818014984Z-create-public-repository.{json,log}`。
- 已告知用户创建空的公开仓库并提供链接；在等待期间完成本地 Git 提交与工程备份。

## 初始化时新增的记录机制

新增 `tools/record_step.py`，对后续命令保存 UTC 起止时间、完整参数、退出码、输出文件和输出 SHA-256。新增 `AGENTS.md`，要求按阶段更新本日志并提交。

历史原始 shell 命令未完整留存，本地初始提交代表现有工程快照；后续提交才逐项反映新增变化。

## 2026-10-06 06:39 UTC：Mi8937 候选包完整性与内核实证

- 完整下载大小 2,683,141,762 字节；全部 17 个 ZIP 条目 CRC 检查通过。
- 本地计算 SHA-256：`1a9a9eb684e1174455ae3a84524de2e4f309ddc62e7dacae6565aa8d2dd14c39`。没有发布者可信哈希或签名核验，不将 CRC 等同于真实性保证。
- 提取 boot 并解压内核，从二进制确认 `4.19.325-cip135-st19-FuntimeKernel-v2.5-[OC]-erofs`，不再仅依赖发布者的内核声明。
- 完整性检查成功后，`.part` 改名为 `.zip`。内部 system 的 HyperOS／Android 版本依然待核验。
- 精确命令与输出在 `logs/*validate-mi8937-download*`、`logs/*inspect-mi8937-boot*`、`logs/*finalize-mi8937-download-name*`。
- Python 脚本编译检查通过，见 `logs/*compile-project-scripts*`。
- 初始化本地提交 `95480b7` 已完成；公开 GitHub 仓库仍因创建权限限制等待建立。

## 2026-10-06 06:46 UTC：用户创建仓库，上传被写入授权阻止

- 用户提供公开仓库：https://github.com/gaozhenyang56-blip/wayne-hyperos4 。通过 CLI 和 GitHub 插件确认 PUBLIC；初始远程仓库为空。
- 设置本地 origin；尝试正常推送 main 的已有两次提交，返回 HTTP 403：`Permission to gaozhenyang56-blip/wayne-hyperos4.git denied to gaozhenyang56-blip`。
- GitHub 插件仓库元数据返回 push/admin 等权限为 true，但实际 create_file 写入 README 同样返回 HTTP 403：`Resource not accessible by integration`，错误码 FORBIDDEN。该写入未成功，远程 README 未建立。
- 因而目前没有上传任何工程文件，也没有发布最终产物。请求用户在 GitHub 应用设置中授权新仓库，或重新连接并选择该仓库；没有改用其他身份绕过限制。
- CLI 命令与失败输出：`logs/*configure-github-remote*`、`logs/*push-initial-history*`。插件失败摘要见 `logs/github-write-access.json`。

## 2026-10-06 06:49 UTC：授权更新后使用插件同步

- 用户确认已更新授权。Git 传输重试返回 HTTP 401，见 `logs/*push-after-authorization*`；不能根据其中的 Everything up-to-date 判断上传成功。
- GitHub 插件 create_file 已成功，远程初始化提交为 `dc69c7a6a5cac57b5c4e970d53e3aa26dc8b41ca`。说明插件写入权限现已可用。
- 后续通过插件的 Git tree/commit/ref 接口上传完整工程快照，保留远程初始化提交作为父提交。
- 原本的本地提交不会因快照同步而拥有相同的远程 SHA；将其完整历史保存为 `artifacts/project-history.bundle` 随工程上传，可用 `git clone project-history.bundle restored-history` 恢复。
- 本记录写入时快照正在准备；远程发布结果以 main 分支实际文件和提交为准。没有发布最终 ROM。

## 2026-10-06：工程首次公开同步完成

- 插件建立工程 tree、commit，并成功将 main 从初始化提交推进到 `15dc1759224dbfe4c1b57ab7ef87e525c07236b3`，未强制覆盖历史。
- 136 个文本文件上传完成，另保存 `artifacts/project-history.bundle`；本地原始历史截至 `2d573772de4e8f69af7654a22a514eef57f8e55f`。
- 通过 `git fetch origin main` 获取实际远程内容；`git diff --exit-code HEAD origin/main -- . ':!artifacts/project-history.bundle'` 返回 0，确认全部原有受控文件一致。
- 从远程提交读回历史 bundle，`cmp` 与原始 bundle 一致，`git bundle verify` 通过并确认完整历史。
- 本地原始历史保留在 local-history 分支；工作 main 已与远程 main 对齐，后续使用公开历史继续记录变化。
- 本节作为独立同步完成记录提交。原始镜像留在工作区，当前没有最终 ROM，也没有 Releases 刷机包。
检索日期：2026-10-06。目标为 Snapdragon 660 的 wayne，用户提供当前内核系列 4.19。

## 首选：Redmi Note 11（spes/spesn）

- Snapdragon 680，不是与 660 相同的 SoC，但仍是高通中低端平台。
- [官方规格](https://www.mi.com/global/product/redmi-note-11/specs/)
- [社区发布记录](https://t.me/RedmiNote11Mods/1675)：声明 HyperOS 4 Beta／Android 17。
- [不含 Kaorios 修改的下载链接](https://pixeldrain.com/u/kmZT7B8z)
- 文件名：`hos4.0.0.17.wpacnxm_a17_spes.zip`，4,813,008,353 字节。
- 服务端提供 SHA-256：`cec53dad779dc1e4c4477f24da00408a209a1d1d70fcbae25f1639b8f7e907c2`，完整 ZIP 尚未下载校验。
- 已提取并核验 boot 条目 CRC；二进制 banner 为 `4.19.325-hanbal-gforce-base`。
- ZIP 的 OTA metadata 沿用 Android 13，不能用文件名确认内部 Android 17。下一步检查 system 的 build.prop、framework、APEX 和 VINTF。
- 首次完整下载出现 HTTP 403，留下不完整 `.part`；不算成功下载。

证据：`research/candidates/spes-os4/`、`spes-clean-info.json`、`spes-download.log`。

## 备选及补丁参考：Mi8937

- 支持 santoni、ugg、land；属于比 660 更老的高通平台，不是同 SoC。
- [发布者页面](https://alphas-trashdump.github.io/#/r/Mi8937/hyperos-4.0.0.16-beta)
- [原包链接](https://drive.google.com/file/d/1_Tu-HcN1PIz4PItm5vvCuh5FrjJpfDTX/view)
- 发布者声明 Android 17／HyperOS 4.0.0.16 Beta、4.19、NON-RDP，并提及 SurfaceFlinger 补丁。
- system.new.dat 解压后约 2.94 GB，值得检查旧平台适配与分区占用。
- 完整下载并通过全部 ZIP 条目 CRC 检查，实测 boot 内核为 `4.19.325-cip135-st19-FuntimeKernel-v2.5-[OC]-erofs`；本地 SHA-256 见 `local-zip-check.json`。未核验来源签名。
- metadata 混有旧 Android 信息，安装脚本的版本声明不能代替系统内部验证。

证据：`research/candidates/mi8937-os4-release.json`、`mi8937-os4/inspection.json`。

## 其他候选

Redmi Note 12 4G tapas/topaz 使用 Snapdragon 685，已找到 OS4 社区包，但官方内核源码为 5.15，优先级低于已有 4.19 的 spes。

Redmi Note 7 lavender 使用同款 Snapdragon 660；本次找到 HyperOS 1/2 的社区记录，未找到可核验的 HyperOS 4 下载包。这个结论仅限本次检索，不代表不存在。

小米 15 的官方 OS4 用于框架对照。其启动布局、内核要求与 wayne 差异较大，因此不继续把它作为优先供体。
neverallow check failed at research/base-miku-a15/vendor/etc/selinux/vendor_sepolicy.cil:2435
  (neverallow base_typeattr_227_202404 virtual_face_hal_prop_202404 (property_service (set)))
    <root>
    allow at research/candidates/mi8937-os4/system/system/etc/selinux/plat_sepolicy.cil:78808 from system/sepolicy/private/virtual_face.te:7
      (allow virtual_face virtual_face_prop (property_service (set)))

neverallow check failed at research/base-miku-a15/vendor/etc/selinux/vendor_sepolicy.cil:2434
  (neverallow base_typeattr_226_202404 virtual_face_hal_prop_202404 (file (ioctl read write create setattr lock relabelfrom append unlink link rename open watch watch_mount watch_sb watch_with_perm watch_reads)))
    <root>
    allow at research/candidates/mi8937-os4/system/system/etc/selinux/plat_sepolicy.cil:78813 from system/sepolicy/private/virtual_face.te:7
      (allow virtual_face virtual_face_prop (file (read getattr map open)))

neverallow check failed at research/base-miku-a15/vendor/etc/selinux/plat_pub_versioned.cil:5837
  (neverallow base_typeattr_224_202404 vendor_persist_camera_prop_202404 (property_service (set)))
    <root>
    allow at research/candidates/mi8937-os4/system/system_ext/etc/selinux/system_ext_sepolicy.cil:11241 from device/qcom/sepolicy/generic/private/aid_config_app.te:10
      (allow vendor_aid_config_app vendor_persist_camera_prop (property_service (set)))

neverallow check failed at research/base-miku-a15/vendor/etc/selinux/plat_pub_versioned.cil:5828
  (neverallow base_typeattr_225_202404 virtual_fingerprint_hal_prop_202404 (file (ioctl read write create setattr lock relabelfrom append unlink link rename open watch watch_mount watch_sb watch_with_perm watch_reads)))
    <root>
    allow at research/candidates/mi8937-os4/system/system/etc/selinux/plat_sepolicy.cil:78855 from system/sepolicy/private/virtual_fingerprint.te:7
      (allow virtual_fingerprint virtual_fingerprint_prop (file (read getattr map open)))

neverallow check failed at research/base-miku-a15/vendor/etc/selinux/plat_pub_versioned.cil:5827
  (neverallow base_typeattr_225_202404 virtual_face_hal_prop_202404 (file (ioctl read write create setattr lock relabelfrom append unlink link rename open watch watch_mount watch_sb watch_with_perm watch_reads)))
    <root>
    allow at research/candidates/mi8937-os4/system/system/etc/selinux/plat_sepolicy.cil:78813 from system/sepolicy/private/virtual_face.te:7
      (allow virtual_face virtual_face_prop (file (read getattr map open)))

neverallow check failed at research/base-miku-a15/vendor/etc/selinux/plat_pub_versioned.cil:5729
  (neverallow base_typeattr_224_202404 telephony_config_prop_202404 (property_service (set)))
    <root>
    allow at research/candidates/mi8937-os4/system/system/etc/selinux/plat_sepolicy.cil:44578 from system/sepolicy/private/init_dev_config.te:6
      (allow init_dev_config telephony_config_prop (property_service (set)))
From https://github.com/gaozhenyang56-blip/wayne-hyperos4
 * branch            main       -> FETCH_HEAD
   0fba5fa..8b26851  main       -> origin/main
