{
  "vendor_policy_version": "202404",
  "policy_binary_version": 30,
  "command": [
    "tools/local/usr/bin/secilc",
    "-m",
    "-M",
    "true",
    "-G",
    "-c",
    "30",
    "-o",
    "research/wayne-os4-policy/policy.bin",
    "-f",
    "research/wayne-os4-policy/file_contexts.generated",
    "research/candidates/mi8937-os4/system/system/etc/selinux/plat_sepolicy.cil",
    "research/candidates/mi8937-os4/system/system/etc/selinux/mapping/202404.cil",
    "research/candidates/mi8937-os4/system/system/etc/selinux/mapping/202404.compat.cil",
    "research/candidates/mi8937-os4/system/system_ext/etc/selinux/system_ext_sepolicy.cil",
    "research/candidates/mi8937-os4/system/system_ext/etc/selinux/mapping/202404.cil",
    "research/candidates/mi8937-os4/system/system_ext/etc/selinux/mapping/202404.compat.cil",
    "research/candidates/mi8937-os4/system/product/etc/selinux/product_sepolicy.cil",
    "research/candidates/mi8937-os4/system/product/etc/selinux/mapping/202404.cil",
    "research/base-miku-a15/vendor/etc/selinux/plat_pub_versioned.cil",
    "research/base-miku-a15/vendor/etc/selinux/vendor_sepolicy.cil"
  ],
  "exit_code": 255,
  "neverallow_check_disabled": false,
  "inputs": {
    "research/candidates/mi8937-os4/system/system/etc/selinux/plat_sepolicy.cil": "5b463f556391a6e2486056132da8a814b896c66c2d4d63f042ab83e3a50d1087",
    "research/candidates/mi8937-os4/system/system/etc/selinux/mapping/202404.cil": "a5f6b060114f66b0190b05815c42d993f4c8a98a843ed9205fdaf0d7a5ca5974",
    "research/candidates/mi8937-os4/system/system/etc/selinux/mapping/202404.compat.cil": "801ad38741a5a078e4795feef41dfc6f44fef23d083ee08e4d5095f074b8f344",
    "research/candidates/mi8937-os4/system/system_ext/etc/selinux/system_ext_sepolicy.cil": "4bd7dea8c506a79755e47fc43c7290925538599e894d9cba489ae616def0b851",
    "research/candidates/mi8937-os4/system/system_ext/etc/selinux/mapping/202404.cil": "38da4cf88c0f1aca12438e3745f6934a65812587be85618bf8b648bf3309ae12",
    "research/candidates/mi8937-os4/system/system_ext/etc/selinux/mapping/202404.compat.cil": "b4d844057f2c4d585981e10d6ed092857419bb0c87e6ec524d2a613a6b725428",
    "research/candidates/mi8937-os4/system/product/etc/selinux/product_sepolicy.cil": "38ec7e429ca9750339573ecc55616f377f25ec24fa82b0b5b8b8dd432bed4adc",
    "research/candidates/mi8937-os4/system/product/etc/selinux/mapping/202404.cil": "9eafa4355e2474c062fad49e81df66ffd67e01ef8904b23bffb2eded9b585838",
    "research/base-miku-a15/vendor/etc/selinux/plat_pub_versioned.cil": "198609b8489d798c83ff0561c3c6b74235b4f539ed4950039aec5f0a9ab21387",
    "research/base-miku-a15/vendor/etc/selinux/vendor_sepolicy.cil": "5036a72b766368f5db8cd4199d8fa94ac92fbfa2e3220b616a75770d9c1a41de"
  },
  "success": false
}
{
  "vendor_policy_version": "202404",
  "policy_binary_version": 30,
  "command": [
    "tools/local/usr/bin/secilc",
    "-m",
    "-M",
    "true",
    "-G",
    "-c",
    "30",
    "-o",
    "research/wayne-os4-policy/runtime/policy.bin",
    "-f",
    "research/wayne-os4-policy/runtime/file_contexts.generated",
    "-N",
    "research/candidates/mi8937-os4/system/system/etc/selinux/plat_sepolicy.cil",
    "research/candidates/mi8937-os4/system/system/etc/selinux/mapping/202404.cil",
    "research/candidates/mi8937-os4/system/system/etc/selinux/mapping/202404.compat.cil",
    "research/candidates/mi8937-os4/system/system_ext/etc/selinux/system_ext_sepolicy.cil",
    "research/candidates/mi8937-os4/system/system_ext/etc/selinux/mapping/202404.cil",
    "research/candidates/mi8937-os4/system/system_ext/etc/selinux/mapping/202404.compat.cil",
    "research/candidates/mi8937-os4/system/product/etc/selinux/product_sepolicy.cil",
    "research/candidates/mi8937-os4/system/product/etc/selinux/mapping/202404.cil",
    "research/base-miku-a15/vendor/etc/selinux/plat_pub_versioned.cil",
    "research/base-miku-a15/vendor/etc/selinux/vendor_sepolicy.cil"
  ],
  "exit_code": 0,
  "neverallow_check_disabled": true,
  "inputs": {
    "research/candidates/mi8937-os4/system/system/etc/selinux/plat_sepolicy.cil": "5b463f556391a6e2486056132da8a814b896c66c2d4d63f042ab83e3a50d1087",
    "research/candidates/mi8937-os4/system/system/etc/selinux/mapping/202404.cil": "a5f6b060114f66b0190b05815c42d993f4c8a98a843ed9205fdaf0d7a5ca5974",
    "research/candidates/mi8937-os4/system/system/etc/selinux/mapping/202404.compat.cil": "801ad38741a5a078e4795feef41dfc6f44fef23d083ee08e4d5095f074b8f344",
    "research/candidates/mi8937-os4/system/system_ext/etc/selinux/system_ext_sepolicy.cil": "4bd7dea8c506a79755e47fc43c7290925538599e894d9cba489ae616def0b851",
    "research/candidates/mi8937-os4/system/system_ext/etc/selinux/mapping/202404.cil": "38da4cf88c0f1aca12438e3745f6934a65812587be85618bf8b648bf3309ae12",
    "research/candidates/mi8937-os4/system/system_ext/etc/selinux/mapping/202404.compat.cil": "b4d844057f2c4d585981e10d6ed092857419bb0c87e6ec524d2a613a6b725428",
    "research/candidates/mi8937-os4/system/product/etc/selinux/product_sepolicy.cil": "38ec7e429ca9750339573ecc55616f377f25ec24fa82b0b5b8b8dd432bed4adc",
    "research/candidates/mi8937-os4/system/product/etc/selinux/mapping/202404.cil": "9eafa4355e2474c062fad49e81df66ffd67e01ef8904b23bffb2eded9b585838",
    "research/base-miku-a15/vendor/etc/selinux/plat_pub_versioned.cil": "198609b8489d798c83ff0561c3c6b74235b4f539ed4950039aec5f0a9ab21387",
    "research/base-miku-a15/vendor/etc/selinux/vendor_sepolicy.cil": "5036a72b766368f5db8cd4199d8fa94ac92fbfa2e3220b616a75770d9c1a41de"
  },
  "success": true
}
#!/usr/bin/env python3
"""Compile donor platform CIL with the wayne vendor policy for offline checking."""
import argparse
import hashlib
import json
import pathlib
import subprocess


def main():
    parser = argparse.ArgumentParser(description=__doc__)
    parser.add_argument('system_root', type=pathlib.Path)
    parser.add_argument('vendor_root', type=pathlib.Path)
    parser.add_argument('output', type=pathlib.Path)
    parser.add_argument('--secilc', default='tools/local/usr/bin/secilc')
    parser.add_argument('--runtime-mode', action='store_true',
                        help='Use Android init runtime -N option; does not pass strict neverallow checking')
    args = parser.parse_args()
    version = (args.vendor_root/'etc/selinux/plat_sepolicy_vers.txt').read_text().strip()
    inputs = []
    for partition, prefix in [('system','plat'),('system_ext','system_ext'),('product','product')]:
        folder = args.system_root/partition/'etc/selinux'
        policy = folder/(prefix+'_sepolicy.cil')
        if policy.exists():
            inputs.append(policy)
        mapping = folder/'mapping'/(version+'.cil')
        if not mapping.exists():
            raise ValueError('Missing mapping '+str(mapping))
        inputs.append(mapping)
        compat = folder/'mapping'/(version+'.compat.cil')
        if compat.exists():
            inputs.append(compat)
    for name in ['plat_pub_versioned.cil','vendor_sepolicy.cil']:
        inputs.append(args.vendor_root/'etc/selinux'/name)
    args.output.mkdir(parents=True,exist_ok=True)
    command = [args.secilc,'-m','-M','true','-G','-c','30',
               '-o',str(args.output/'policy.bin'),'-f',str(args.output/'file_contexts.generated')]
    if args.runtime_mode:
        command.append('-N')
    command.extend(str(p) for p in inputs)
    result = subprocess.run(command, capture_output=True, text=True)
    (args.output/'compiler.log').write_text(result.stdout+result.stderr)
    report = {'vendor_policy_version':version,'policy_binary_version':30,
              'command':command,'exit_code':result.returncode,
              'neverallow_check_disabled':args.runtime_mode,
              'inputs':{str(p):hashlib.sha256(p.read_bytes()).hexdigest() for p in inputs},
              'success':result.returncode==0}
    (args.output/'policy-check.json').write_text(json.dumps(report,indent=2)+'\n')
    print(json.dumps({'success':report['success'],'exit_code':result.returncode}))
    raise SystemExit(result.returncode)


if __name__=='__main__':
    main()
diff --git a/.gitignore b/.gitignore
index ad5ea38..0b23ddd 100644
--- a/.gitignore
+++ b/.gitignore
@@ -12,6 +12,8 @@ __pycache__/
 *.zip
 *.part
 *.bundle
+*.tar
+research/**/file_contexts.generated
 research/**/system/
 research/**/system_ext/
 research/**/vendor/
diff --git a/AGENTS.md b/AGENTS.md
index 6cd23b3..9475b4e 100644
--- a/AGENTS.md
+++ b/AGENTS.md
@@ -4,9 +4,12 @@
 
 - 每一阶段的检索、下载、失败、修改和检查都写入 docs/worklog.md，附上证据位置。
 - 后续执行命令优先通过 tools/record_step.py 运行，保留 UTC 时间、参数、输出与退出码。
+- 用户明确要求：每一次操作写入 Markdown 并加时间戳。所有后续命令必须通过 record_step.py 自动写入 docs/operations/YYYY-MM-DD.md；时间用 America/Los_Angeles 的 ISO 8601，另附 UTC 审计时间。
+- 文件修改、工具 API、仓库同步等非命令操作，也必须在相同 MD 中逐次记入时间、动作、结果。失败照样记录。不得以 JSON 或工具对话输出替代 MD。
 - 每个有意义的修改单独提交并推送到公开仓库，不伪造过去的提交时间或不存在的操作。
 - 前期历史只能按已有证据追记，标注追记；精确原始命令缺失时不要猜测。
 - 原始镜像不进入 Git；大小、来源和哈希进入 artifacts，最终成品上传 Releases 或分卷资产。
 - 缺少真机测试必须明确写在成品状态中，静态检查不能称为启动成功。
 - 不执行供体刷机脚本，不将供体 firmware、bootloader、modem 或 vendor 当作 wayne 硬件支持。
 
+- 用户要求 MD 实时上传：每次 MD 修改后立即同步到 GitHub，成功后才继续下一步。逐次日志须按操作更新并逐次提交；不将整个阶段的 MD 修改积攒到最后。同步自身的读取和记账属于该次操作，不递归生成无限日志。
diff --git a/research/base-miku-a15/inspection.json b/research/base-miku-a15/inspection.json
index 322b9c5..6d05684 100644
--- a/research/base-miku-a15/inspection.json
+++ b/research/base-miku-a15/inspection.json
@@ -132,19 +132,12 @@
   },
   "extracted": [
     {
-      "entry": "vendor.new.dat.br",
-      "file": "/workspace/wayne-hyperos4/research/base-miku-a15/vendor.new.dat.br",
-      "size": 148316542,
-      "sha256": "e84f25d09ad7b5983d50aa2a6761c1db4e999fa8c41d9136da17648446093c5f",
-      "zip_crc_verified": true
-    },
-    {
-      "entry": "vendor.transfer.list",
-      "file": "/workspace/wayne-hyperos4/research/base-miku-a15/vendor.transfer.list",
-      "size": 890,
-      "sha256": "6a21ad50c31a8cccb559301c465b002bc989d4daf3c3c7c2faab23d54724b17c",
+      "entry": "system.transfer.list",
+      "file": "research/base-miku-a15/system.transfer.list",
+      "size": 2856,
+      "sha256": "5bfef2d60884476bcf758302581aeef30ec1dfc393fc3926cad3bf67d683f42a",
       "zip_crc_verified": true
     }
   ],
-  "http_bytes_read": 148386210
+  "http_bytes_read": 70175
 }
\ No newline at end of file
diff --git a/sources.lock.json b/sources.lock.json
index 814d8a2..9be2aee 100644
--- a/sources.lock.json
+++ b/sources.lock.json
@@ -18,5 +18,45 @@
     "url": "https://github.com/erofs/erofs-utils.git",
     "commit": "1c230a485f25837cb51d6fc79332f30758d9006c",
     "partial_checkout": false
+  },
+  "libvintf": {
+    "url": "https://android.googlesource.com/platform/system/libvintf",
+    "commit": "9a095008eaf2b4ac7cb6e9d2da6aeca596f04062",
+    "partial_checkout": false
+  },
+  "libbase": {
+    "url": "https://android.googlesource.com/platform/system/libbase",
+    "commit": "6d19b5c690fa4220c10e42c2326150bbd4d4b7bb",
+    "partial_checkout": false
+  },
+  "logging": {
+    "url": "https://android.googlesource.com/platform/system/logging",
+    "commit": "bcac7c30d88a3773a7c0bc9f5617a23a886331fd",
+    "partial_checkout": false
+  },
+  "fmt": {
+    "url": "https://github.com/fmtlib/fmt.git",
+    "commit": "4afd0e498e9e1dd68775cc52087df774a19c761f",
+    "partial_checkout": false
+  },
+  "tinyxml2": {
+    "url": "https://github.com/leethomason/tinyxml2.git",
+    "commit": "8224e427b655b83dae5e2298f1e6919523a78737",
+    "partial_checkout": false
+  },
+  "system-core": {
+    "url": "https://android.googlesource.com/platform/system/core",
+    "commit": "a3b721a32242006b59cb12bd62c9133632af3a2d",
+    "partial_checkout": true
+  },
+  "libhidl": {
+    "url": "https://android.googlesource.com/platform/system/libhidl",
+    "commit": "b0ef8291501f69e6532a1bd84920824eb8f6ac95",
+    "partial_checkout": false
+  },
+  "hidl-tools": {
+    "url": "https://android.googlesource.com/platform/system/tools/hidl",
+    "commit": "d11716d0c896b6850c53ba59642570d60966843a",
+    "partial_checkout": false
   }
-}
\ No newline at end of file
+}
diff --git a/tools/record_step.py b/tools/record_step.py
index 09008b4..8a0e81a 100644
--- a/tools/record_step.py
+++ b/tools/record_step.py
@@ -7,10 +7,33 @@ import json
 import pathlib
 import subprocess
 import sys
+import shlex
+from zoneinfo import ZoneInfo
+
+
+def append_markdown(root, report, imported=False):
+    """Every operation gets a human-readable timestamped entry as well as JSON."""
+    start=datetime.datetime.fromisoformat(report['started_utc'])
+    end=datetime.datetime.fromisoformat(report.get('finished_utc',report['started_utc']))
+    local=start.astimezone(ZoneInfo('America/Los_Angeles'))
+    folder=root/'docs/operations';folder.mkdir(parents=True,exist_ok=True)
+    target=folder/(local.strftime('%Y-%m-%d')+'.md')
+    if not target.exists():target.write_text('# 逐次操作日志\n\n时间显示为 America/Los_Angeles，同时保留 UTC 审计时间。\n\n')
+    if 'UTC 起始：'+start.isoformat() in target.read_text():
+        return
+    with target.open('a') as stream:
+        stream.write('## '+local.isoformat()+' — '+report['label']+'\n\n')
+        if imported:stream.write('依据已有 JSON 日志追记；以下为原始执行时间。\n\n')
+        stream.write('UTC 起始：'+start.isoformat()+'；结束：'+end.isoformat()+'。\n\n')
+        stream.write('```text\n'+shlex.join(report.get('command',[]))+'\n```\n\n')
+        stream.write('退出码：`'+str(report.get('exit_code','unknown'))+'`。\n\n')
+        if report.get('output'):stream.write('输出：['+report['output']+'](../../'+report['output']+')。\n\n')
+        if report.get('output_sha256'):stream.write('输出 SHA-256：`'+report['output_sha256']+'`。\n\n')
 
 
 def main():
     parser = argparse.ArgumentParser(description=__doc__)
+    parser.add_argument('--show-output', action='store_true')
     parser.add_argument('label')
     parser.add_argument('command', nargs=argparse.REMAINDER)
     args = parser.parse_args()
@@ -33,6 +56,9 @@ def main():
               'output': str(output.relative_to(root)),
               'output_sha256': hashlib.sha256(output.read_bytes()).hexdigest()}
     output.with_suffix('.json').write_text(json.dumps(report, ensure_ascii=False, indent=2) + '\n')
+    append_markdown(root,report)
+    if args.show_output:
+        print(output.read_text(errors='replace')[-12000:])
     print(json.dumps(report, ensure_ascii=False))
     sys.exit(result.returncode)
 
248
2.6M	logs
1.6M	research/wayne-os4-policy
docs/donors.md
docs/worklog.md
docs/operations/2026-10-05.md
docs/operations/2026-10-06.md
