diff --git a/AGENTS.md b/AGENTS.md
index 6cd23b3..4e1de1b 100644
--- a/AGENTS.md
+++ b/AGENTS.md
@@ -4,9 +4,10 @@
 
 - 每一阶段的检索、下载、失败、修改和检查都写入 docs/worklog.md，附上证据位置。
 - 后续执行命令优先通过 tools/record_step.py 运行，保留 UTC 时间、参数、输出与退出码。
+- 用户明确要求：每一次操作写入 Markdown 并加时间戳。所有后续命令必须通过 record_step.py 自动写入 docs/operations/YYYY-MM-DD.md；时间用 America/Los_Angeles 的 ISO 8601，另附 UTC 审计时间。
+- 文件修改、工具 API、仓库同步等非命令操作，也必须在相同 MD 中逐次记入时间、动作、结果。失败照样记录。不得以 JSON 或工具对话输出替代 MD。
 - 每个有意义的修改单独提交并推送到公开仓库，不伪造过去的提交时间或不存在的操作。
 - 前期历史只能按已有证据追记，标注追记；精确原始命令缺失时不要猜测。
 - 原始镜像不进入 Git；大小、来源和哈希进入 artifacts，最终成品上传 Releases 或分卷资产。
 - 缺少真机测试必须明确写在成品状态中，静态检查不能称为启动成功。
 - 不执行供体刷机脚本，不将供体 firmware、bootloader、modem 或 vendor 当作 wayne 硬件支持。
-
diff --git a/tools/record_step.py b/tools/record_step.py
index 09008b4..8a0e81a 100644
--- a/tools/record_step.py
+++ b/tools/record_step.py
@@ -7,10 +7,33 @@ import json
 import pathlib
 import subprocess
 import sys
+import shlex
+from zoneinfo import ZoneInfo
+
+
+def append_markdown(root, report, imported=False):
+    """Every operation gets a human-readable timestamped entry as well as JSON."""
+    start=datetime.datetime.fromisoformat(report['started_utc'])
+    end=datetime.datetime.fromisoformat(report.get('finished_utc',report['started_utc']))
+    local=start.astimezone(ZoneInfo('America/Los_Angeles'))
+    folder=root/'docs/operations';folder.mkdir(parents=True,exist_ok=True)
+    target=folder/(local.strftime('%Y-%m-%d')+'.md')
+    if not target.exists():target.write_text('# 逐次操作日志\n\n时间显示为 America/Los_Angeles，同时保留 UTC 审计时间。\n\n')
+    if 'UTC 起始：'+start.isoformat() in target.read_text():
+        return
+    with target.open('a') as stream:
+        stream.write('## '+local.isoformat()+' — '+report['label']+'\n\n')
+        if imported:stream.write('依据已有 JSON 日志追记；以下为原始执行时间。\n\n')
+        stream.write('UTC 起始：'+start.isoformat()+'；结束：'+end.isoformat()+'。\n\n')
+        stream.write('```text\n'+shlex.join(report.get('command',[]))+'\n```\n\n')
+        stream.write('退出码：`'+str(report.get('exit_code','unknown'))+'`。\n\n')
+        if report.get('output'):stream.write('输出：['+report['output']+'](../../'+report['output']+')。\n\n')
+        if report.get('output_sha256'):stream.write('输出 SHA-256：`'+report['output_sha256']+'`。\n\n')
 
 
 def main():
     parser = argparse.ArgumentParser(description=__doc__)
+    parser.add_argument('--show-output', action='store_true')
     parser.add_argument('label')
     parser.add_argument('command', nargs=argparse.REMAINDER)
     args = parser.parse_args()
@@ -33,6 +56,9 @@ def main():
               'output': str(output.relative_to(root)),
               'output_sha256': hashlib.sha256(output.read_bytes()).hexdigest()}
     output.with_suffix('.json').write_text(json.dumps(report, ensure_ascii=False, indent=2) + '\n')
+    append_markdown(root,report)
+    if args.show_output:
+        print(output.read_text(errors='replace')[-12000:])
     print(json.dumps(report, ensure_ascii=False))
     sys.exit(result.returncode)
 
Filesystem      Size  Used Avail Use% Mounted on
overlay          32G   28G  2.7G  92% /
2.8G	artifacts/experimental/system.img
6.7G	artifacts/experimental/system.img.part
Processing system_ext/lib64/vendor.qti.data.factory@2.5.so ...
Processing system_ext/lib64/vendor.qti.data.factory@2.6.so ...
Processing system_ext/lib64/vendor.qti.data.factory@2.7.so ...
Processing system_ext/lib64/vendor.qti.data.factory@2.8.so ...
Processing system_ext/lib64/vendor.qti.data.factoryser   8697       03:01 Ss   python3
   8700       03:01 S    python3
   8701       03:01 Sl   mkfs.erofs
   8879       00:00 Ss   python3
?? research/wayne-os4-native.json
?? research/wayne-os4-policy/
?? research/wayne-os4-system-metadata.json
?? research/wayne-system-metadata-check.json
?? tools/audit_native_pair.py
?? tools/build_system_overlay.py
?? tools/build_wayne_boot.py
?? tools/check_policy.py
?? tools/erofs_metadata.py
?? tools/extract_zip_entry_stream.py
?? tools/rebuild_zip_block.py
?? tools/repack_system_metadata.py
