{
  "parts": {
    "wayne-hyperos4-static-20261009.zip.001": {
      "size": 1900000000,
      "sha256": "3d13c180baac74d65d24a01cc98d8629908f2024c7e9cbc26a494da7c349793e"
    },
    "wayne-hyperos4-static-20261009.zip.002": {
      "size": 1275223037,
      "sha256": "9ef668595fac323b6db83171b3072eeb7b795439b586fb7088a3900dbb1a8ec8"
    }
  },
  "hardware_tested": false
}
{
  "success": true,
  "parts": [
    "/home/runner/work/wayne-hyperos4/wayne-hyperos4/artifacts/releases/static/wayne-hyperos4-static-20261009.zip.001",
    "/home/runner/work/wayne-hyperos4/wayne-hyperos4/artifacts/releases/static/wayne-hyperos4-static-20261009.zip.002"
  ],
  "archive_entries": [
    "wayne-hyperos4-static-20261009/INSTALL.txt",
    "wayne-hyperos4-static-20261009/boot.img",
    "wayne-hyperos4-static-20261009/install.py",
    "wayne-hyperos4-static-20261009/manifest.json",
    "wayne-hyperos4-static-20261009/reports/boot-check.json",
    "wayne-hyperos4-static-20261009/reports/image-check.json",
    "wayne-hyperos4-static-20261009/reports/native-versions.json",
    "wayne-hyperos4-static-20261009/reports/runtime-policy.json",
    "wayne-hyperos4-static-20261009/reports/strict-policy.json",
    "wayne-hyperos4-static-20261009/reports/system-content-check.json",
    "wayne-hyperos4-static-20261009/reports/system-metadata-check.json",
    "wayne-hyperos4-static-20261009/reports/vendor-content-check.json",
    "wayne-hyperos4-static-20261009/reports/vendor-metadata-check.json",
    "wayne-hyperos4-static-20261009/reports/vintf-check.json",
    "wayne-hyperos4-static-20261009/system.img",
    "wayne-hyperos4-static-20261009/vendor.img"
  ],
  "image_hashes_match_manifest": true,
  "hardware_tested": false
}
