    const CompatibilityMatrix& mat, const std::vector<HidlInterfaceMetadata>& hidlMetadata) const {
    std::multimap<std::string, std::string> childrenMap;
    for (const auto& child : hidlMetadata) {
        for (const auto& parent : child.inherited) {
            childrenMap.emplace(parent, child.name);
        }
    }

    std::set<std::string> ret;

    forEachInstance([&ret, &mat, &childrenMap](const auto& manifestInstance) {
        if (mat.matchInstance(manifestInstance.format(), manifestInstance.exclusiveTo(),
                              manifestInstance.package(), manifestInstance.version(),
                              manifestInstance.interface(), manifestInstance.instance())) {
            // manifestInstance exactly matches an instance in |mat|.
            return true;
        }
        // For HIDL instances, If foo@2.0 inherits from foo@1.0, manifest may contain both, but
        // matrix may contain only 2.0 if 1.0 is considered deprecated. Hence, if manifestInstance
        // is 1.0, check all its children in the matrix too.
        // If there is at least one match, do not consider it unused.
        if (manifestInstance.format() == HalFormat::HIDL) {
            auto range =
                childrenMap.equal_range(manifestInstance.getFqInstance().getFqNameString());
            for (auto it = range.first; it != range.second; ++it) {
                details::FQName fqName;
                CHECK(fqName.setTo(it->second));
                if (mat.matchInstance(manifestInstance.format(), manifestInstance.exclusiveTo(),
                                      fqName.package(), fqName.getVersion(), fqName.name(),
                                      manifestInstance.instance())) {
                    return true;
                }
            }
        }

        // If no match is found, consider it unused.
        ret.insert(manifestInstance.description());
        return true;
    });

    return ret;
}

static bool checkVendorNdkCompatibility(const VendorNdk& matVendorNdk,
                                        const std::vector<VendorNdk>& manifestVendorNdk,
                                        std::string* error) {
    // For pre-P vendor images, device compatibility matrix does not specify <vendor-ndk>
    // tag. Ignore the check for these devices.
    // VNDK is no longer a dependency for vendor version 35 and beyond. On these images,
    // <vendor-ndk> is also empty.
    if (matVendorNdk.version().empty()) {
        return true;
    }
    for (const auto& vndk : manifestVendorNdk) {
        if (vndk.version() != matVendorNdk.version()) {
            continue;
        }
        // version matches, check libraries
        std::vector<std::string> diff;
        std::set_difference(matVendorNdk.libraries().begin(), matVendorNdk.libraries().end(),
                            vndk.libraries().begin(), vndk.libraries().end(),
                            std::inserter(diff, diff.begin()));
        if (!diff.empty()) {
            if (error != nullptr) {
                *error = "Vndk libs incompatible for version " + matVendorNdk.version() +
                         ". These libs are not in framework manifest:";
                for (const auto& name : diff) {
                    *error += " " + name;
                }
            }
            return false;
        }
        return true;
    }

    // no match is found.
    if (error != nullptr) {
        *error = "Vndk version " + matVendorNdk.version() + " is not supported. " +
                 "Supported versions in framework manifest are: [";
        for (const auto& vndk : manifestVendorNdk) {
            *error += " " + vndk.version();
        }
        *error += "]";
bool HalManifest::checkCompatibility(const CompatibilityMatrix& mat, std::string* error,
                                     CheckFlags::Type flags) const {
    if (mType == mat.mType) {
        if (error != nullptr) {
            *error = "Wrong type; checking " + to_string(mType) + " manifest against "
                    + to_string(mat.mType) + " compatibility matrix";
        }
        return false;
    }
    if (mType == SchemaType::FRAMEWORK) {
        if (!checkVendorNdkCompatibility(mat.device.mVendorNdk, framework.mVendorNdks, error)) {
            return false;
        }

        if (!checkSystemSdkCompatibility(mat.device.mSystemSdk, framework.mSystemSdk, error)) {
            return false;
        }
    } else if (mType == SchemaType::DEVICE) {
        bool sepolicyMatch = false;
        for (const auto &range : mat.framework.mSepolicy.sepolicyVersions()) {
            if (range.supportedBy(device.mSepolicyVersion)) {
                sepolicyMatch = true;
                break;
            }
        }
        if (!sepolicyMatch) {
            if (error != nullptr) {
                *error = "Sepolicy version " + to_string(device.mSepolicyVersion)
                        + " doesn't satisify the requirements.";
            }
            return false;
        }

        // Not using inferredKernelLevel() to preserve the legacy behavior if <kernel> does not have
        // level attribute.
        // Note that shouldCheckKernelCompatibility() only returns true on host, because the
        // on-device HalManifest does not have kernel version set. On the device, kernel information
        // is retrieved from RuntimeInfo.
        Level kernelTagLevel = kernel()->level();
        if (flags.isKernelEnabled() && shouldCheckKernelCompatibility() &&
            kernel()
                ->getMatchedKernelRequirements(mat.framework.mKernels, kernelTagLevel, error)
                .empty()) {
            return false;
        }
    }

    return true;
}

bool HalManifest::shouldCheckKernelCompatibility() const {
    return kernel().has_value() && kernel()->version() != KernelVersion{};
}

CompatibilityMatrix HalManifest::generateCompatibleMatrix() const {
    CompatibilityMatrix matrix;

    std::set<std::tuple<HalFormat, std::string, Version, std::string, std::string>> instances;

    forEachInstance([&matrix, &instances](const ManifestInstance& e) {
        auto&& [it, added] =
            instances.emplace(e.format(), e.package(), e.version(), e.interface(), e.instance());
        if (!added) {
            return true;
        }

        matrix.add(MatrixHal{
            .format = e.format(),
            .name = e.package(),
            .versionRanges = {VersionRange{e.version().majorVer, e.version().minorVer}},
            .interfaces = {{e.interface(), HalInterface{e.interface(), {e.instance()}}}}});
        return true;
    });
    if (mType == SchemaType::FRAMEWORK) {
        matrix.mType = SchemaType::DEVICE;
        // VNDK does not need to be added for compatibility
    } else if (mType == SchemaType::DEVICE) {
        matrix.mType = SchemaType::FRAMEWORK;
        matrix.framework.mSepolicy = Sepolicy(0u /* kernelSepolicyVersion */,
                {{device.mSepolicyVersion.majorVer, device.mSepolicyVersion.minorVer}});
    }

    return matrix;
}

status_t HalManifest::fetchAllInformation(const FileSystem* fileSystem, const std::string& path,
                                          std::string* error) {
    return details::fetchAllInformation(fileSystem, path, this, error);
sources/libvintf/CompatibilityMatrix.cpp:452:bool CompatibilityMatrix::matchInstance(HalFormat format, ExclusiveTo exclusiveTo,
sources/libvintf/CompatibilityMatrix.cpp:459:                                         found |= (e.matchInstance(instance));
sources/libvintf/include/vintf/HalManifest.h:85:    //     - checkIncompatibility for HALs returns only optional HALs
sources/libvintf/include/vintf/HalManifest.h:88:    //     - checkIncompatibility for HALs returns only optional HALs
sources/libvintf/include/vintf/HalManifest.h:191:    std::vector<std::string> checkIncompatibleHals(const CompatibilityMatrix& mat) const;
sources/libvintf/include/vintf/HalManifest.h:200:    std::set<std::string> checkUnusedHals(
