{"downloaded": 16777216, "total": 2683141762, "percent": 0.6}
{"downloaded": 33554432, "total": 2683141762, "percent": 1.3}
{"downloaded": 50331648, "total": 2683141762, "percent": 1.9}
{"downloaded": 67108864, "total": 2683141762, "percent": 2.5}
{"downloaded": 83886080, "total": 2683141762, "percent": 3.1}
{"downloaded": 100663296, "total": 2683141762, "percent": 3.8}
{"downloaded": 117440512, "total": 2683141762, "percent": 4.4}
{"downloaded": 134217728, "total": 2683141762, "percent": 5.0}
{"downloaded": 150994944, "total": 2683141762, "percent": 5.6}
{"downloaded": 167772160, "total": 2683141762, "percent": 6.3}
{"downloaded": 184549376, "total": 2683141762, "percent": 6.9}
{"downloaded": 201326592, "total": 2683141762, "percent": 7.5}
{"downloaded": 218103808, "total": 2683141762, "percent": 8.1}
{"downloaded": 234881024, "total": 2683141762, "percent": 8.8}
{"downloaded": 251658240, "total": 2683141762, "percent": 9.4}
{"downloaded": 268435456, "total": 2683141762, "percent": 10.0}
{"downloaded": 285212672, "total": 2683141762, "percent": 10.6}
{"downloaded": 301989888, "total": 2683141762, "percent": 11.3}
{"downloaded": 318767104, "total": 2683141762, "percent": 11.9}
{"downloaded": 335544320, "total": 2683141762, "percent": 12.5}
{"downloaded": 352321536, "total": 2683141762, "percent": 13.1}
{"downloaded": 369098752, "total": 2683141762, "percent": 13.8}
{"downloaded": 385875968, "total": 2683141762, "percent": 14.4}
{"downloaded": 402653184, "total": 2683141762, "percent": 15.0}
{"downloaded": 419430400, "total": 2683141762, "percent": 15.6}
{"downloaded": 436207616, "total": 2683141762, "percent": 16.3}
{"downloaded": 452984832, "total": 2683141762, "percent": 16.9}
{"downloaded": 469762048, "total": 2683141762, "percent": 17.5}
{"downloaded": 486539264, "total": 2683141762, "percent": 18.1}
{"downloaded": 503316480, "total": 2683141762, "percent": 18.8}
{"downloaded": 520093696, "total": 2683141762, "percent": 19.4}
{"downloaded": 536870912, "total": 2683141762, "percent": 20.0}
{"downloaded": 553648128, "total": 2683141762, "percent": 20.6}
{"downloaded": 570425344, "total": 2683141762, "percent": 21.3}
{"downloaded": 587202560, "total": 2683141762, "percent": 21.9}
{"downloaded": 603979776, "total": 2683141762, "percent": 22.5}
{"downloaded": 620756992, "total": 2683141762, "percent": 23.1}
{"downloaded": 637534208, "total": 2683141762, "percent": 23.8}
{"downloaded": 654311424, "total": 2683141762, "percent": 24.4}
{"downloaded": 671088640, "total": 2683141762, "percent": 25.0}
{"downloaded": 687865856, "total": 2683141762, "percent": 25.6}
{"downloaded": 704643072, "total": 2683141762, "percent": 26.3}
{"downloaded": 721420288, "total": 2683141762, "percent": 26.9}
{"downloaded": 738197504, "total": 2683141762, "percent": 27.5}
{"downloaded": 754974720, "total": 2683141762, "percent": 28.1}
{"downloaded": 771751936, "total": 2683141762, "percent": 28.8}
{"downloaded": 788529152, "total": 2683141762, "percent": 29.4}
{"downloaded": 805306368, "total": 2683141762, "percent": 30.0}
{"downloaded": 822083584, "total": 2683141762, "percent": 30.6}
{"downloaded": 838860800, "total": 2683141762, "percent": 31.3}
{"downloaded": 855638016, "total": 2683141762, "percent": 31.9}
{"downloaded": 872415232, "total": 2683141762, "percent": 32.5}
{"downloaded": 889192448, "total": 2683141762, "percent": 33.1}
{"downloaded": 905969664, "total": 2683141762, "percent": 33.8}
{"downloaded": 922746880, "total": 2683141762, "percent": 34.4}
{"downloaded": 939524096, "total": 2683141762, "percent": 35.0}
{"downloaded": 956301312, "total": 2683141762, "percent": 35.6}
{"downloaded": 973078528, "total": 2683141762, "percent": 36.3}
{"downloaded": 989855744, "total": 2683141762, "percent": 36.9}
{"downloaded": 1006632960, "total": 2683141762, "percent": 37.5}
{"downloaded": 1023410176, "total": 2683141762, "percent": 38.1}
{"downloaded": 1040187392, "total": 2683141762, "percent": 38.8}
{"downloaded": 1056964608, "total": 2683141762, "percent": 39.4}
{"downloaded": 1073741824, "total": 2683141762, "percent": 40.0}
{"downloaded": 1090519040, "total": 2683141762, "percent": 40.6}
{"downloaded": 1107296256, "total": 2683141762, "percent": 41.3}
{"downloaded": 1124073472, "total": 2683141762, "percent": 41.9}
{"downloaded": 1140850688, "total": 2683141762, "percent": 42.5}
{"downloaded": 1157627904, "total": 2683141762, "percent": 43.1}
{"downloaded": 1174405120, "total": 2683141762, "percent": 43.8}
{"downloaded": 1191182336, "total": 2683141762, "percent": 44.4}
{"downloaded": 1207959552, "total": 2683141762, "percent": 45.0}
{"downloaded": 1224736768, "total": 2683141762, "percent": 45.6}
{"downloaded": 1241513984, "total": 2683141762, "percent": 46.3}
{"downloaded": 1258291200, "total": 2683141762, "percent": 46.9}
{"downloaded": 1275068416, "total": 2683141762, "percent": 47.5}
{"downloaded": 1291845632, "total": 2683141762, "percent": 48.1}
{"downloaded": 1308622848, "total": 2683141762, "percent": 48.8}
{"downloaded": 1325400064, "total": 2683141762, "percent": 49.4}
{"downloaded": 1342177280, "total": 2683141762, "percent": 50.0}
{"downloaded": 1358954496, "total": 2683141762, "percent": 50.6}
{"downloaded": 1375731712, "total": 2683141762, "percent": 51.3}
{"downloaded": 1392508928, "total": 2683141762, "percent": 51.9}
{"downloaded": 1409286144, "total": 2683141762, "percent": 52.5}
{"downloaded": 1426063360, "total": 2683141762, "percent": 53.1}
{"downloaded": 1442840576, "total": 2683141762, "percent": 53.8}
{"downloaded": 1459617792, "total": 2683141762, "percent": 54.4}
{"downloaded": 1476395008, "total": 2683141762, "percent": 55.0}
{"downloaded": 1493172224, "total": 2683141762, "percent": 55.7}
{"downloaded": 1509949440, "total": 2683141762, "percent": 56.3}
{"downloaded": 1526726656, "total": 2683141762, "percent": 56.9}
{"downloaded": 1543503872, "total": 2683141762, "percent": 57.5}
{"downloaded": 1560281088, "total": 2683141762, "percent": 58.2}
{"downloaded": 1577058304, "total": 2683141762, "percent": 58.8}
{"downloaded": 1593835520, "total": 2683141762, "percent": 59.4}
{"downloaded": 1610612736, "total": 2683141762, "percent": 60.0}
{"downloaded": 1627389952, "total": 2683141762, "percent": 60.7}
{"downloaded": 1644167168, "total": 2683141762, "percent": 61.3}
{"downloaded": 1660944384, "total": 2683141762, "percent": 61.9}
{"downloaded": 1677721600, "total": 2683141762, "percent": 62.5}
{"downloaded": 1694498816, "total": 2683141762, "percent": 63.2}
{"downloaded": 1711276032, "total": 2683141762, "percent": 63.8}
{"downloaded": 1728053248, "total": 2683141762, "percent": 64.4}
{"downloaded": 1744830464, "total": 2683141762, "percent": 65.0}
{"downloaded": 1761607680, "total": 2683141762, "percent": 65.7}
{"downloaded": 1778384896, "total": 2683141762, "percent": 66.3}
{"downloaded": 1795162112, "total": 2683141762, "percent": 66.9}
{"downloaded": 1811939328, "total": 2683141762, "percent": 67.5}
{"downloaded": 1828716544, "total": 2683141762, "percent": 68.2}
{"downloaded": 1845493760, "total": 2683141762, "percent": 68.8}
{"downloaded": 1862270976, "total": 2683141762, "percent": 69.4}
{"downloaded": 1879048192, "total": 2683141762, "percent": 70.0}
{"downloaded": 1895825408, "total": 2683141762, "percent": 70.7}
{"downloaded": 1912602624, "total": 2683141762, "percent": 71.3}
{"downloaded": 1929379840, "total": 2683141762, "percent": 71.9}
{"downloaded": 1946157056, "total": 2683141762, "percent": 72.5}
{"downloaded": 1962934272, "total": 2683141762, "percent": 73.2}
{"downloaded": 1979711488, "total": 2683141762, "percent": 73.8}
{"downloaded": 1996488704, "total": 2683141762, "percent": 74.4}
{"downloaded": 2013265920, "total": 2683141762, "percent": 75.0}
{"retry": "2017460224", "attempt": 1, "error": "HTTP Error 500: Internal Server Error"}
{"downloaded": 2030043136, "total": 2683141762, "percent": 75.7}
{"downloaded": 2046820352, "total": 2683141762, "percent": 76.3}
{"downloaded": 2063597568, "total": 2683141762, "percent": 76.9}
{"downloaded": 2080374784, "total": 2683141762, "percent": 77.5}
{"downloaded": 2097152000, "total": 2683141762, "percent": 78.2}
{"downloaded": 2113929216, "total": 2683141762, "percent": 78.8}
{"downloaded": 2130706432, "total": 2683141762, "percent": 79.4}
{"downloaded": 2147483648, "total": 2683141762, "percent": 80.0}
{"retry": "2159017984", "attempt": 1, "error": "HTTP Error 500: Internal Server Error"}
{"downloaded": 2164260864, "total": 2683141762, "percent": 80.7}
{"downloaded": 2181038080, "total": 2683141762, "percent": 81.3}
{"downloaded": 2197815296, "total": 2683141762, "percent": 81.9}
{"downloaded": 2214592512, "total": 2683141762, "percent": 82.5}
{"downloaded": 2231369728, "total": 2683141762, "percent": 83.2}
{"downloaded": 2248146944, "total": 2683141762, "percent": 83.8}
{"downloaded": 2264924160, "total": 2683141762, "percent": 84.4}
{"downloaded": 2281701376, "total": 2683141762, "percent": 85.0}
{"downloaded": 2298478592, "total": 2683141762, "percent": 85.7}
{"downloaded": 2315255808, "total": 2683141762, "percent": 86.3}
{"downloaded": 2332033024, "total": 2683141762, "percent": 86.9}
{"downloaded": 2348810240, "total": 2683141762, "percent": 87.5}
{"downloaded": 2365587456, "total": 2683141762, "percent": 88.2}
{"downloaded": 2382364672, "total": 2683141762, "percent": 88.8}
{"downloaded": 2399141888, "total": 2683141762, "percent": 89.4}
{"downloaded": 2415919104, "total": 2683141762, "percent": 90.0}
{"downloaded": 2432696320, "total": 2683141762, "percent": 90.7}
{"downloaded": 2449473536, "total": 2683141762, "percent": 91.3}
{"downloaded": 2466250752, "total": 2683141762, "percent": 91.9}
{"downloaded": 2483027968, "total": 2683141762, "percent": 92.5}
{"downloaded": 2499805184, "total": 2683141762, "percent": 93.2}
{"downloaded": 2516582400, "total": 2683141762, "percent": 93.8}
{"downloaded": 2533359616, "total": 2683141762, "percent": 94.4}
{"downloaded": 2550136832, "total": 2683141762, "percent": 95.0}
{"downloaded": 2566914048, "total": 2683141762, "percent": 95.7}
{"downloaded": 2583691264, "total": 2683141762, "percent": 96.3}
{"downloaded": 2600468480, "total": 2683141762, "percent": 96.9}
{"downloaded": 2617245696, "total": 2683141762, "percent": 97.5}
{"downloaded": 2634022912, "total": 2683141762, "percent": 98.2}
{"downloaded": 2650800128, "total": 2683141762, "percent": 98.8}
{"downloaded": 2667577344, "total": 2683141762, "percent": 99.4}
{"downloaded": 2683141762, "total": 2683141762, "percent": 100.0}
{"url": "https://drive.usercontent.google.com/download?id=1_Tu-HcN1PIz4PItm5vvCuh5FrjJpfDTX&export=download&confirm=t", "size": 2683141762, "sha256": "1a9a9eb684e1174455ae3a84524de2e4f309ddc62e7dacae6565aa8d2dd14c39", "complete_file_sha256_verified": true, "signature_verified": false, "hash_source": "user-supplied expected hash / public download-provider metadata"}
Traceback (most recent call last):
  File "/opt/hostedtoolcache/Python/3.11.17/x64/lib/python3.11/urllib/request.py", line 1361, in do_open
    h.request(req.get_method(), req.selector, req.data, headers,
  File "/opt/hostedtoolcache/Python/3.11.17/x64/lib/python3.11/http/client.py", line 1351, in request
    self._send_request(method, url, body, headers, encode_chunked)
  File "/opt/hostedtoolcache/Python/3.11.17/x64/lib/python3.11/http/client.py", line 1397, in _send_request
    self.endheaders(body, encode_chunked=encode_chunked)
  File "/opt/hostedtoolcache/Python/3.11.17/x64/lib/python3.11/http/client.py", line 1346, in endheaders
    self._send_output(message_body, encode_chunked=encode_chunked)
  File "/opt/hostedtoolcache/Python/3.11.17/x64/lib/python3.11/http/client.py", line 1106, in _send_output
    self.send(msg)
  File "/opt/hostedtoolcache/Python/3.11.17/x64/lib/python3.11/http/client.py", line 1044, in send
    self.connect()
  File "/opt/hostedtoolcache/Python/3.11.17/x64/lib/python3.11/http/client.py", line 1523, in connect
    self.sock = self._context.wrap_socket(self.sock,
                ^^^^^^^^^^^^^^^^^^^^^^^^^^^^^^^^^^^^
  File "/opt/hostedtoolcache/Python/3.11.17/x64/lib/python3.11/ssl.py", line 517, in wrap_socket
    return self.sslsocket_class._create(
           ^^^^^^^^^^^^^^^^^^^^^^^^^^^^^
  File "/opt/hostedtoolcache/Python/3.11.17/x64/lib/python3.11/ssl.py", line 1117, in _create
    self.do_handshake()
  File "/opt/hostedtoolcache/Python/3.11.17/x64/lib/python3.11/ssl.py", line 1395, in do_handshake
    self._sslobj.do_handshake()
ConnectionResetError: [Errno 104] Connection reset by peer

During handling of the above exception, another exception occurred:

Traceback (most recent call last):
  File "/home/runner/work/wayne-hyperos4/wayne-hyperos4/tools/ci_build_static.py", line 108, in <module>
    if __name__=='__main__':main()
                            ^^^^^^
  File "/home/runner/work/wayne-hyperos4/wayne-hyperos4/tools/ci_build_static.py", line 95, in main
    if a.stage:stage(a.stage);return
               ^^^^^^^^^^^^^^
  File "/home/runner/work/wayne-hyperos4/wayne-hyperos4/tools/ci_build_static.py", line 28, in stage
    ci.stage(name)
  File "/home/runner/work/wayne-hyperos4/wayne-hyperos4/tools/ci_build_candidate.py", line 59, in stage
    inspect('https://downloads.sourceforge.net/project/divarelease/wayne_Vampire_v0.6.0/MikuUI-Vampire_v2-wayne-25020901-OFFICIAL.zip',BASE,
  File "/home/runner/work/wayne-hyperos4/wayne-hyperos4/tools/inspect_ota.py", line 133, in inspect
    data = archive.read(name)
           ^^^^^^^^^^^^^^^^^^
  File "/opt/hostedtoolcache/Python/3.11.17/x64/lib/python3.11/zipfile.py", line 1566, in read
    with self.open(name, "r", pwd) as fp:
         ^^^^^^^^^^^^^^^^^^^^^^^^^
  File "/opt/hostedtoolcache/Python/3.11.17/x64/lib/python3.11/zipfile.py", line 1628, in open
    zef_file.read(fheader[_FH_EXTRA_FIELD_LENGTH])
  File "/opt/hostedtoolcache/Python/3.11.17/x64/lib/python3.11/zipfile.py", line 811, in read
    data = self._file.read(n)
           ^^^^^^^^^^^^^^^^^^
  File "/home/runner/work/wayne-hyperos4/wayne-hyperos4/tools/inspect_ota.py", line 70, in read
    data = self.range(self.pos, length)
           ^^^^^^^^^^^^^^^^^^^^^^^^^^^^
  File "/home/runner/work/wayne-hyperos4/wayne-hyperos4/tools/inspect_ota.py", line 32, in range
    with urllib.request.urlopen(req, timeout=60) as response:
         ^^^^^^^^^^^^^^^^^^^^^^^^^^^^^^^^^^^^^^^
  File "/opt/hostedtoolcache/Python/3.11.17/x64/lib/python3.11/urllib/request.py", line 216, in urlopen
    return opener.open(url, data, timeout)
           ^^^^^^^^^^^^^^^^^^^^^^^^^^^^^^^
  File "/opt/hostedtoolcache/Python/3.11.17/x64/lib/python3.11/urllib/request.py", line 519, in open
    response = self._open(req, data)
               ^^^^^^^^^^^^^^^^^^^^^
  File "/opt/hostedtoolcache/Python/3.11.17/x64/lib/python3.11/urllib/request.py", line 536, in _open
    result = self._call_chain(self.handle_open, protocol, protocol +
             ^^^^^^^^^^^^^^^^^^^^^^^^^^^^^^^^^^^^^^^^^^^^^^^^^^^^^^^
  File "/opt/hostedtoolcache/Python/3.11.17/x64/lib/python3.11/urllib/request.py", line 496, in _call_chain
    result = func(*args)
             ^^^^^^^^^^^
  File "/opt/hostedtoolcache/Python/3.11.17/x64/lib/python3.11/urllib/request.py", line 1404, in https_open
    return self.do_open(http.client.HTTPSConnection, req,
           ^^^^^^^^^^^^^^^^^^^^^^^^^^^^^^^^^^^^^^^^^^^^^^
  File "/opt/hostedtoolcache/Python/3.11.17/x64/lib/python3.11/urllib/request.py", line 1364, in do_open
    raise URLError(err)
urllib.error.URLError: <urlopen error [Errno 104] Connection reset by peer>
