.{"range_retry": 0, "attempt": 1, "error": "reset"}
{"range_retry": 0, "attempt": 2, "error": "short"}
{"range_retry": 0, "attempt": 1, "error": "reset"}
{"range_retry": 0, "attempt": 2, "error": "reset"}
.{"cached_source_verified": "/tmp/tmpgt7i44jr/source.zip", "sha256": "1796fe8864a113421f06f97b2bce632239ce79798b333ba03ccfeaef7a30a403"}
{"cached_source_rejected": "/tmp/tmpgt7i44jr/source.zip", "reason": "SHA256 mismatch"}
{"downloaded": 12, "total": 12, "percent": 100.0}
{"url": "https://fixture.invalid", "size": 12, "sha256": "1796fe8864a113421f06f97b2bce632239ce79798b333ba03ccfeaef7a30a403", "complete_file_sha256_verified": true, "signature_verified": false, "hash_source": "user-supplied expected hash / public download-provider metadata"}
.
----------------------------------------------------------------------
Ran 3 tests in 0.006s

OK
....
----------------------------------------------------------------------
Ran 4 tests in 0.001s

OK
........
----------------------------------------------------------------------
Ran 8 tests in 0.007s

OK
..
----------------------------------------------------------------------
Ran 2 tests in 0.248s

OK
PASS: versioned consumer, matching/wrong/missing export, global fallback, default/nondefault visibility
From /tmp/wayne-progress-race-d3f3bcwe/origin
 * branch            main       -> FETCH_HEAD
Current branch main is up to date.
To /tmp/wayne-progress-race-d3f3bcwe/origin.git
 ! [rejected]        HEAD -> main (fetch first)
error: failed to push some refs to '/tmp/wayne-progress-race-d3f3bcwe/origin.git'
hint: Updates were rejected because the remote contains work that you do not
hint: have locally. This is usually caused by another repository pushing to
hint: the same ref. If you want to integrate the remote changes, use
hint: 'git pull' before pushing again.
hint: See the 'Note about fast-forwards' in 'git push --help' for details.

Progress push raced with another update; refetching without force.
From /tmp/wayne-progress-race-d3f3bcwe/origin
 * branch            main       -> FETCH_HEAD
   3a4f9b1..2511d76  main       -> origin/main
Rebasing (1/1)Successfully rebased and updated refs/heads/main.
To /tmp/wayne-progress-race-d3f3bcwe/origin.git
   2511d76..349c32b  HEAD -> main

From /tmp/wayne-progress-race-d3f3bcwe/origin
 * branch            main       -> FETCH_HEAD
Current branch main is up to date.
Everything up-to-date

PASS: rejected concurrent push recovered; both updates retained; repeat is idempotent.
{
  "checked_original_paths": 2296,
  "expected_modified_files": [
    "build.prop",
    "etc/fstab.qcom"
  ],
  "added_paths": [],
  "failures": [],
  "success": true
}
[
  {
    "target": "lib/hw/camera.sdm660.so",
    "libraries": 49,
    "missing": 0,
    "unresolved": 0,
    "version_fallbacks": 2
  },
  {
    "target": "lib/hw/android.hardware.camera.provider@2.4-impl.so",
    "libraries": 65,
    "missing": 0,
    "unresolved": 0,
    "version_fallbacks": 3
  },
  {
    "target": "bin/hw/android.hardware.camera.provider@2.4-service",
    "libraries": 33,
    "missing": 0,
    "unresolved": 0,
    "version_fallbacks": 0
  },
  {
    "target": "bin/hw/android.hardware.graphics.composer@2.1-service",
    "libraries": 43,
    "missing": 0,
    "unresolved": 0,
    "version_fallbacks": 3
  }
]
{
  "checked_original_paths": 9134,
  "expected_modified_files": [
    "product/etc/build.prop",
    "system/build.prop",
    "system/etc/vintf/compatibility_matrix.5.xml",
    "system/etc/vintf/compatibility_matrix.device.xml",
    "system_ext/etc/build.prop"
  ],
  "added_paths": [
    "system/etc/vintf/compatibility_matrix.5.xml"
  ],
  "failures": [],
  "success": true
}
PASS: static boot, vendor content/metadata, native inventories and partition bounds; hardware untested.
