research/base-miku-a15/vendor.transfer.list
research/base-miku-a15/system.new.dat.br.json
research/base-miku-a15/vendor.img.json
research/base-miku-a15/kernel-version.txt
research/base-miku-a15/system.transfer.list
research/base-miku-a15/system.img.json
research/base-miku-a15/dynamic_partitions_op_list
research/base-miku-a15/META-INF_com_android_metadata
research/base-miku-a15/META-INF_com_google_android_updater-script
research/base-miku-a15/ramdisk-entries.json
research/base-miku-a15/boot-inspection.json
research/base-miku-a15/inspection.json
Usage: tools/local/usr/bin/fsck.erofs [OPTIONS] IMAGE
Check erofs filesystem compatibility and integrity of IMAGE.

This version of fsck.erofs is capable of checking images that use any of the
following algorithms: lz4, lz4hc, lzma, deflate, libdeflate, zstd

General options:
 -V, --version          print the version number of fsck.erofs and exit
 -h, --help             display this help and exit

 -d<0-9>                set output verbosity; 0=quiet, 9=verbose (default=2)
 -p                     print total compression ratio of all files
 --device=X             specify an extra device to be used together
 --extract[=X]          check if all files are well encoded, optionally
                        extract to X
 --offset=#             skip # bytes at the beginning of IMAGE
 --[no-]xattrs          whether to dump extended attributes (default off)

 -a, -A, -y             no-op, for compatibility with fsck of other filesystems

Extraction options (--extract=X is required):
 --force                allow extracting to root
 --overwrite            overwrite files that already exist
 --[no-]preserve        same as --[no-]preserve-owner --[no-]preserve-perms
 --[no-]preserve-owner  whether to preserve the ownership from the
                        filesystem (default for superuser), or to extract as
                        yourself (default for ordinary users)
 --[no-]preserve-perms  whether to preserve the exact permissions from the
                        filesystem without applying umask (default for
                        superuser), or to modify the permissions by applying
                        umask (default for ordinary users)
44:    bool matchKernelVersion(const KernelVersion& minLts) const;
46:    bool matchKernelConfigs(const std::vector<KernelConfig>& matrixConfigs,
{
  "system/etc/vintf/compatibility_matrix.device.xml": {
    "required_hals": [
      "android.hardware.authsecret.qti.spu",
      "android.hardware.automotive.evs",
      "android.hardware.gnss",
      "android.hardware.graphics.allocator",
      "android.hardware.media.c2",
      "android.hardware.media.c2",
      "android.hardware.media.c2",
      "android.hardware.media.c2",
      "android.hardware.nfc",
      "android.hardware.nfc",
      "android.hardware.radio",
      "android.hardware.radio.config",
      "android.hardware.secure_element",
      "android.hardware.tetheroffload",
      "android.hardware.wifi.supplicant",
      "android.se.omapi",
      "com.android.ozoaudio.notify",
      "com.dsi.ant",
      "com.fingerprints.extension",
#!/usr/bin/env python3
"""Build an untested wayne boot candidate, retaining its kernel, DTB and cmdline."""
import argparse
import gzip
import hashlib
import json
import pathlib
import struct
from unpack_boot import decode_ramdisk


def cpio_records(data):
    offset=0;result=[]
    while offset+110<=len(data):
        header=data[offset:offset+110];offset+=110
        if header[:6] not in (b'070701',b'070702'):raise ValueError('Unsupported CPIO')
        fields=[int(header[6+i*8:14+i*8],16) for i in range(13)]
        name=data[offset:offset+fields[11]-1].decode()
        offset=(offset+fields[11]+3)&~3
        content=data[offset:offset+fields[6]]
        if len(content)!=fields[6]:raise ValueError('Truncated CPIO')
        offset=(offset+fields[6]+3)&~3
        result.append((name,fields,content))
        if name=='TRAILER!!!':return result
    raise ValueError('Missing CPIO trailer')


def serialize(records):
    output=bytearray()
    for name,original,content in records:
        fields=original.copy();encoded=name.encode()+b'\0'
        fields[6]=len(content);fields[11]=len(encoded);fields[12]=0
        output.extend(b'070701'+''.join(f'{x:08x}' for x in fields).encode()+encoded)
        output.extend(bytes((-len(output))%4));output.extend(content)
        output.extend(bytes((-len(output))%4))
    return bytes(output)


def main():
    parser=argparse.ArgumentParser(description=__doc__)
    parser.add_argument('base',type=pathlib.Path)
    parser.add_argument('donor_init',type=pathlib.Path)
    parser.add_argument('output',type=pathlib.Path)
    args=parser.parse_args()
    original=args.base.read_bytes()
    if original[:8]!=b'ANDROID!':raise ValueError('Invalid boot magic')
    version=struct.unpack_from('<I',original,40)[0]
    page=struct.unpack_from('<I',original,36)[0]
    kernel_size=struct.unpack_from('<I',original,8)[0]
    ramdisk_size=struct.unpack_from('<I',original,16)[0]
    second_size=struct.unpack_from('<I',original,24)[0]
    if version!=1 or page!=4096 or second_size or struct.unpack_from('<I',original,1632)[0]:
        raise ValueError('Only reference v1/4096 boot without second or recovery DTBO supported')
    if original[-64:-60]==b'AVBf':raise ValueError('AVB footer not supported')
    kernel=original[page:page+kernel_size]
    ramdisk_offset=page+((kernel_size+page-1)//page)*page
    records=cpio_records(decode_ramdisk(original[ramdisk_offset:ramdisk_offset+ramdisk_size]))
    changes={};found=set();updated=[]
    for name,fields,content in records:
        replacement=content
        if name=='init':replacement=args.donor_init.read_bytes()
        elif name=='fstab.qcom':
            replacement='\n'.join(row for row in content.decode().splitlines()
                                  if not row.split() or row.split()[0] not in ('system_ext','product'))+'\n'
            replacement=replacement.encode()
        elif name=='system/etc/ramdisk/build.prop':
            props={'ro.product.bootimage.name':'wayne_hyperos4',
                   'ro.bootimage.build.fingerprint':'Xiaomi/wayne_hyperos4/wayne:17/CP2A.260605.016/offline01:user/test-keys',
                   'ro.bootimage.build.id':'CP2A.260605.016','ro.bootimage.build.tags':'test-keys',
                   'ro.bootimage.build.version.incremental':'offline01',
                   'ro.bootimage.build.version.release':'17',
                   'ro.bootimage.build.version.release_or_codename':'17',
                   'ro.bootimage.build.version.sdk':'37'}
            replacement='\n'.join((row.split('=',1)[0]+'='+props[row.split('=',1)[0]])
                                  if '=' in row and row.split('=',1)[0] in props else row
                                  for row in content.decode().splitlines())+'\n'
            replacement=replacement.encode()
        if replacement!=content:
            found.add(name);changes[name]={'before':hashlib.sha256(content).hexdigest(),
                                          'after':hashlib.sha256(replacement).hexdigest()}
        updated.append((name,fields,replacement))
    if found!={'init','fstab.qcom','system/etc/ramdisk/build.prop'}:
        raise ValueError('Expected three ramdisk replacements')
    ramdisk=gzip.compress(serialize(updated),mtime=0)
    header=bytearray(original[:page])
    struct.pack_into('<I',header,16,len(ramdisk))
    struct.pack_into('<I',header,44,(17<<25)|((2026-2000)<<4)|8)
    identity=hashlib.sha1()
    for payload in [kernel,ramdisk,b'',b'']:
        identity.update(payload);identity.update(struct.pack('<I',len(payload)))
    header[576:608]=identity.digest()+bytes(12)
    output=bytes(header)+kernel+bytes((-len(kernel))%page)+ramdisk+bytes((-len(ramdisk))%page)
    if len(output)>64*1024*1024:raise ValueError('Boot exceeds reference partition limit')
    # Validate the emitted archive and ensure only the intended entries changed.
    emitted=cpio_records(decode_ramdisk(ramdisk))
    expected=[]
    for name,fields,content in updated:
        normalized=fields.copy();normalized[6]=len(content)
        normalized[11]=len(name.encode())+1;normalized[12]=0
        expected.append((name,normalized,content))
