{"html_url": "https://github.com/gaozhenyang56-blip/wayne-hyperos4/releases/tag/offline-20261006", "draft": false, "prerelease": true, "tag_name": "offline-20261006", "published_at": "2026-10-08T16:10:24Z"}
[
  {
    "name": "INSTALL.txt",
    "size": 1699,
    "digest": "sha256:99f9696541918cdfae843164cb422dd68bb783a87028cb732fb046e01898bbee",
    "browser_download_url": "https://github.com/gaozhenyang56-blip/wayne-hyperos4/releases/download/offline-20261006/INSTALL.txt",
    "state": "uploaded"
  },
  {
    "name": "manifest.json",
    "size": 1260,
    "digest": "sha256:6b752f5d6dc633f531e2f7c7618ae0c7a3c9a7a56540bf305418de8568499005",
    "browser_download_url": "https://github.com/gaozhenyang56-blip/wayne-hyperos4/releases/download/offline-20261006/manifest.json",
    "state": "uploaded"
  },
  {
    "name": "SHA256SUMS",
    "size": 212,
    "digest": "sha256:6ab5c54e68d33a255dee664aad02b64028aeecb53781acb1cc396fedabed1315",
    "browser_download_url": "https://github.com/gaozhenyang56-blip/wayne-hyperos4/releases/download/offline-20261006/SHA256SUMS",
    "state": "uploaded"
  },
  {
    "name": "wayne-hyperos4-offline-20261006.zip.001",
    "size": 1900000000,
    "digest": "sha256:2e4c708f78e86c3624582ccc2e7d8cda09f52ce7fe23b2cff5183bf2a700d445",
    "browser_download_url": "https://github.com/gaozhenyang56-blip/wayne-hyperos4/releases/download/offline-20261006/wayne-hyperos4-offline-20261006.zip.001",
    "state": "uploaded"
  },
  {
    "name": "wayne-hyperos4-offline-20261006.zip.002",
    "size": 1268883752,
    "digest": "sha256:a89ca0100733763ecade4b5147e9a50115a608d2f0066454afbc7f6fd01d4094",
    "browser_download_url": "https://github.com/gaozhenyang56-blip/wayne-hyperos4/releases/download/offline-20261006/wayne-hyperos4-offline-20261006.zip.002",
    "state": "uploaded"
  }
]
artifacts/candidate-package.json {"manifest": {"device": "wayne", "layout": "miku-wayne-retrofit-dynamic", "android_sdk": 37, "declared_hyperos": "4.0.0.16.XPCCNXM", "kernel": "4.19.315-Miku-Vampire_v2-g3a74d7", "build_commit": "73526dd35460dc6c65465333b6b01d2851e95649", "created_utc": "2026-10-08T16:09:06.893265+00:00", "status": "offline-experimental-unbooted", "hardware_tested": false, "strict_neverallow_passed": false, "runtime_mode_policy_compiled": true, "native_symbol_version_inventory_checked": true, "linker_namespaces_verified": false, "unresolved": ["Strict SELinux neverallow conflicts", "Runtime linker/APEX compatibility", "Core framework changes relative to official control not fully audited", "Actual kernel build config is not embedded correctly", "Boot and hardware behavior"], "group_limit": 6241120256, "images": {"boot.img": {"size": 18755584, "sha256": "4802fbbde81560a234ecca1766e0e27ad4770c5bc1af1927cb6519d9038c24f8"}, "system.img": {"size": 2940440576, "sha256": "f60f97f6dcf6ad5646ec0f419a30c560c36ace709fa1302b1cb2386dc3ce5ddc"}, "vendor.img": {"size": 209600512, "sha256": "2680ee25e0b7b65c8f43924cd8fe8709fff5cbe1f946dd2ad0f6fba8b5808e26"}}}, "parts": {"wayne-hyperos4-offline-20261006.zip.001": {"size": 1900000000, "sha256": "2e4c708f78e86c3624582ccc2e7d8cda09f52ce7fe23b2cff5183bf2a700d445"}, "wayne-hyperos4-offline-20261006.zip.002": {"size": 1268883752, "sha256": "a89ca0100733763ecade4b5147e9a50115a608d2f0066454afbc7f6fd01d4094"}}, "archive_entries": ["INSTALL.txt", "boot.img", "install.py", "manifest.json", "reports/framework-origin.json", "reports/runtime-policy.json", "reports/strict-policy.json", "reports/wayne-boot-check.json", "reports/wayne-os4-native-versions.json", "reports/wayne-system-content-check.json", "reports/wayne-system-metadata-check.json", "reports/wayne-vintf-check.json", "system.img", "vendor.img"]}
artifacts/release-publication.json {"url": "https://github.com/gaozhenyang56-blip/wayne-hyperos4/releases/tag/untagged-c75899258190dd966141", "tag": "offline-20261006", "build_commit": "73526dd35460dc6c65465333b6b01d2851e95649", "assets_verified": true, "hardware_tested": false, "parts": {"wayne-hyperos4-offline-20261006.zip.001": {"size": 1900000000, "sha256": "2e4c708f78e86c3624582ccc2e7d8cda09f52ce7fe23b2cff5183bf2a700d445"}, "wayne-hyperos4-offline-20261006.zip.002": {"size": 1268883752, "sha256": "a89ca0100733763ecade4b5147e9a50115a608d2f0066454afbc7f6fd01d4094"}}}
research/candidate-archive-check.json {"success": true, "parts": ["/home/runner/work/wayne-hyperos4/wayne-hyperos4/artifacts/releases/wayne-hyperos4-offline-20261006.zip.001", "/home/runner/work/wayne-hyperos4/wayne-hyperos4/artifacts/releases/wayne-hyperos4-offline-20261006.zip.002"], "archive_entries": ["wayne-hyperos4-offline-20261006/INSTALL.txt", "wayne-hyperos4-offline-20261006/boot.img", "wayne-hyperos4-offline-20261006/install.py", "wayne-hyperos4-offline-20261006/manifest.json", "wayne-hyperos4-offline-20261006/reports/framework-origin.json", "wayne-hyperos4-offline-20261006/reports/runtime-policy.json", "wayne-hyperos4-offline-20261006/reports/strict-policy.json", "wayne-hyperos4-offline-20261006/reports/wayne-boot-check.json", "wayne-hyperos4-offline-20261006/reports/wayne-os4-native-versions.json", "wayne-hyperos4-offline-20261006/reports/wayne-system-content-check.json", "wayne-hyperos4-offline-20261006/reports/wayne-system-metadata-check.json", "wayne-hyperos4-offline-20261006/reports/wayne-vintf-check.json", "wayne-hyperos4-offline-20261006/system.img", "wayne-hyperos4-offline-20261006/vendor.img"], "image_hashes_match_manifest": true, "hardware_tested": false}
research/wayne-vintf-check.json {"check": {"exit_code": 0, "output": "HAL manifest/framework matrix compatibility passed.\nRuntime kernel, APEX manifests and linker namespaces are not covered.\n"}, "hardware_tested": false, "hidl_inheritance_metadata_provided": false, "not_covered": ["actual kernel configuration", "APEX runtime", "linker namespaces", "HAL functionality"]}
research/wayne-os4-native-versions.json [{'target': 'lib/hw/camera.sdm660.so', 'libraries': 49, 'missing': 0, 'unresolved': 0}, {'target': 'lib/hw/android.hardware.camera.provider@2.4-impl.so', 'libraries': 65, 'missing': 0, 'unresolved': 0}, {'target': 'bin/hw/android.hardware.camera.provider@2.4-service', 'libraries': 33, 'missing': 0, 'unresolved': 0}, {'target': 'bin/hw/android.hardware.graphics.composer@2.1-service', 'libraries': 43, 'missing': 0, 'unresolved': 0}]
