80 376815
.github/workflows/build-static-experimental.yml
README.md
artifacts/delivery-status.json
config/project-requirements.json
config/wayne-stock-static.json
logs/20261008T163822646302Z-inspect-static-layout-correction.json
logs/20261008T163822646302Z-inspect-static-layout-correction.log
logs/20261008T163915193868Z-record-stock-static-target.json
logs/20261008T163915193868Z-record-stock-static-target.log
logs/20261008T163935636189Z-mark-old-release-incompatible.json
logs/20261008T163935636189Z-mark-old-release-incompatible.log
logs/20261008T164011560929Z-research-static-wayne-layout.json
logs/20261008T164011560929Z-research-static-wayne-layout.log
logs/20261008T164137572815Z-inspect-static-capacity-and-mounts.json
logs/20261008T164137572815Z-inspect-static-capacity-and-mounts.log
logs/20261008T164309490822Z-retry-static-primary-sources.json
logs/20261008T164309490822Z-retry-static-primary-sources.log
logs/20261008T164337627825Z-assess-static-fit-and-layout-hazards.json
logs/20261008T164337627825Z-assess-static-fit-and-layout-hazards.log
logs/20261008T164629093235Z-gate-obsolete-rdp-build.json
logs/20261008T164629093235Z-gate-obsolete-rdp-build.log
logs/20261008T164730032712Z-inspect-kernel-static-mount-paths.json
logs/20261008T164730032712Z-inspect-kernel-static-mount-paths.log
logs/20261008T164858506409Z-inspect-static-implementation-inputs.json
logs/20261008T164858506409Z-inspect-static-implementation-inputs.log
logs/20261008T165009619416Z-implement-static-mount-transform.json
logs/20261008T165009619416Z-implement-static-mount-transform.log
logs/20261008T165122847289Z-add-static-layout-regressions.json
logs/20261008T165122847289Z-add-static-layout-regressions.log
logs/20261008T165127081915Z-test-static-layout-transform.json
logs/20261008T165127081915Z-test-static-layout-transform.log
logs/20261008T165402016761Z-implement-static-vendor-builder.json
logs/20261008T165402016761Z-implement-static-vendor-builder.log
logs/20261008T165416424840Z-build-static-wayne-boot.json
logs/20261008T165416424840Z-build-static-wayne-boot.log
logs/20261008T165423616027Z-build-static-wayne-vendor.json
logs/20261008T165423616027Z-build-static-wayne-vendor.log
logs/20261008T165755013250Z-implement-static-image-verifier.json
logs/20261008T165755013250Z-implement-static-image-verifier.log
logs/20261008T165759187773Z-verify-static-local-images.json
logs/20261008T165759187773Z-verify-static-local-images.log
logs/20261008T165925631656Z-implement-static-device-installer.json
logs/20261008T165925631656Z-implement-static-device-installer.log
logs/20261008T170120192106Z-add-static-installer-regressions.json
logs/20261008T170120192106Z-add-static-installer-regressions.log
logs/20261008T170124197292Z-test-static-installation-guards.json
logs/20261008T170124197292Z-test-static-installation-guards.log
logs/20261008T170207581231Z-support-legacy-bootloader-query.json
logs/20261008T170207581231Z-support-legacy-bootloader-query.log
logs/20261008T170331870890Z-implement-static-package-builder.json
logs/20261008T170331870890Z-implement-static-package-builder.log
logs/20261008T170804502601Z-implement-static-cloud-build.json
logs/20261008T170804502601Z-implement-static-cloud-build.log
logs/20261008T170840933903Z-test-static-package-gates.json
logs/20261008T170840933903Z-test-static-package-gates.log
logs/20261008T170903456521Z-prepare-static-source-upload.log
research/static-wayne/android_device_xiaomi_sdm660-common-BoardConfigCommon.mk
research/static-wayne/android_device_xiaomi_wayne-BoardConfig.mk
research/static-wayne/android_device_xiaomi_wayne-common-BoardConfigCommon.mk
research/static-wayne/android_device_xiaomi_wayne-rootdir_etc_fstab.qcom
research/static-wayne/boot-check.json
research/static-wayne/image-check.json
research/static-wayne/kernel-dtb-mount-check.json
research/static-wayne/native-versions.json
research/static-wayne/sources.json
research/static-wayne/vendor-content-check.json
research/static-wayne/vendor-metadata-check.json
tools/build_static_vendor.py
tools/build_wayne_boot.py
tools/ci_build_candidate.py
tools/ci_build_static.py
tools/install_static_wayne.py
tools/package_candidate.py
tools/package_static_candidate.py
tools/static_wayne_layout.py
tools/test_static_installer.py
tools/test_static_layout.py
tools/test_static_package.py
tools/verify_split_zip.py
tools/verify_static_candidate.py
