{
  "parts": {
    "wayne-hyperos4-offline-20261006.zip.001": {
      "size": 1900000000,
      "sha256": "2e4c708f78e86c3624582ccc2e7d8cda09f52ce7fe23b2cff5183bf2a700d445"
    },
    "wayne-hyperos4-offline-20261006.zip.002": {
      "size": 1268883752,
      "sha256": "a89ca0100733763ecade4b5147e9a50115a608d2f0066454afbc7f6fd01d4094"
    }
  },
  "hardware_tested": false,
  "strict_neverallow_passed": false
}
{
  "success": true,
  "parts": [
    "/home/runner/work/wayne-hyperos4/wayne-hyperos4/artifacts/releases/wayne-hyperos4-offline-20261006.zip.001",
    "/home/runner/work/wayne-hyperos4/wayne-hyperos4/artifacts/releases/wayne-hyperos4-offline-20261006.zip.002"
  ],
  "archive_entries": [
    "wayne-hyperos4-offline-20261006/INSTALL.txt",
    "wayne-hyperos4-offline-20261006/boot.img",
    "wayne-hyperos4-offline-20261006/install.py",
    "wayne-hyperos4-offline-20261006/manifest.json",
    "wayne-hyperos4-offline-20261006/reports/framework-origin.json",
    "wayne-hyperos4-offline-20261006/reports/runtime-policy.json",
    "wayne-hyperos4-offline-20261006/reports/strict-policy.json",
    "wayne-hyperos4-offline-20261006/reports/wayne-boot-check.json",
    "wayne-hyperos4-offline-20261006/reports/wayne-os4-native-versions.json",
    "wayne-hyperos4-offline-20261006/reports/wayne-system-content-check.json",
    "wayne-hyperos4-offline-20261006/reports/wayne-system-metadata-check.json",
    "wayne-hyperos4-offline-20261006/reports/wayne-vintf-check.json",
    "wayne-hyperos4-offline-20261006/system.img",
    "wayne-hyperos4-offline-20261006/vendor.img"
  ],
  "image_hashes_match_manifest": true,
  "hardware_tested": false
}
