system.transfer.list 4
87846
0
0
new 2,50689,51201
new 2,50177,50689
new 2,49665,50177
new 2,49153,49665
new 2,48641,49153
new 2,48129,48641
new 2,47617,48129
new 2,47105,47617
new 2,46593,47105
new 2,46081,46593
new 2,46
vendor.transfer.list 4
717862
0
0
new 2,511489,512001
new 2,510977,511489
new 2,510465,510977
new 2,509953,510465
new 2,509441,509953
new 2,508929,509441
new 2,508417,508929
new 2,507905,508417
new 2,507393,507905
new 2,5
{
  "system.transfer.list": {
    "header": [
      "4",
      "87846",
      "0",
      "0"
    ],
    "new_bytes": 359817216,
    "image_size": 359817216,
    "commands": 173
  },
  "vendor.transfer.list": {
    "header": [
      "4",
      "717862",
      "0",
      "0"
    ],
    "new_bytes": 2940362752,
    "image_size": 2940362752,
    "commands": 1404
  }
}
