{"status": "in_progress", "conclusion": null, "updated_at": "2026-10-08T15:44:27Z"}
# 逐次操作日志

时间显示为 Asia/Shanghai，同时保留 UTC 审计时间。

## 2026-10-08T23:44:31.867408+08:00 — cloud-source-preflight

UTC 起始：2026-10-08T15:44:31.867408+00:00；结束：2026-10-08T15:44:34.690999+00:00。

做了什么：检查供体原包分段入口。

发生了什么：云端取得正确 ZIP 头和完整文件大小。

下一步：预检成功后继续下载；失败时寻找可核验的原包镜像。

证据：[原始日志](../../logs/20261008T154431867408Z-cloud-source-preflight.log)。

## 2026-10-08T15:50:46.615744+00:00

做了什么：开始编译固定版本的镜像工具。

发生了什么：云端任务已进入本阶段。

下一步：完成本阶段后，取得并校验社区供体和 wayne 原包材料。

## 2026-10-08T23:50:48.313841+08:00 — cloud-tools

UTC 起始：2026-10-08T15:50:48.313841+00:00；结束：2026-10-08T15:52:08.288537+00:00。

做了什么：编译固定版本的镜像工具。

发生了什么：镜像工具准备完成。

下一步：取得并校验社区供体和 wayne 原包材料

证据：[原始日志](../../logs/20261008T155048313841Z-cloud-tools.log)。

## 2026-10-08T15:52:09.957477+00:00

做了什么：开始取得并校验社区供体和 wayne 原包材料。

发生了什么：云端任务已进入本阶段。

下一步：完成本阶段后，重建系统与目标 vendor，提取原始 inode 元数据。


