#
# Copyright (C) 2018 The LineageOS Project
#
# SPDX-License-Identifier: Apache-2.0
#

# Inherit from sdm660-common
include device/xiaomi/sdm660-common/BoardConfigCommon.mk

WAYNE_PATH := device/xiaomi/wayne-common

# Display
TARGET_SCREEN_DENSITY := 440

# HIDL
DEVICE_MANIFEST_FILE += $(WAYNE_PATH)/manifest.xml

# Kernel
TARGET_KERNEL_CONFIG += vendor/xiaomi/wayne.config

# Partitions
BOARD_SYSTEMIMAGE_PARTITION_SIZE := 3221225472
BOARD_VENDORIMAGE_PARTITION_SIZE := 2147483648

# Properties
TARGET_VENDOR_PROP += $(WAYNE_PATH)/vendor.prop

# Inherit the proprietary files
include vendor/xiaomi/wayne-common/BoardConfigVendor.mk

# Android fstab file.
# The filesystem that contains the filesystem checker binary (typically /system) cannot
# specify MF_CHECK, and must come before any filesystems that do specify MF_CHECK

#TODO: Add 'check' as fs_mgr_flags with data partition.
# Currently we dont have e2fsck compiled. So fs check would failed.

# Non-A/B fstab.qcom variant
#<src>                                                   <mnt_point>          <type>  <mnt_flags and options>                                                                         <fs_mgr_flags>
/dev/block/by-name/system                                /system              ext4    ro,barrier=1                                                                                    wait,first_stage_mount
/dev/block/by-name/vendor                                /vendor              ext4    ro,barrier=1                                                                                    wait,first_stage_mount
/dev/block/bootdevice/by-name/userdata                   /data                f2fs    nosuid,nodev,noatime,background_gc=off,fsync_mode=nobarrier                                     wait,check,fileencryption=ice,quota
/dev/block/bootdevice/by-name/userdata                   /data                ext4    nosuid,nodev,barrier=1,noauto_da_alloc,noatime,lazytime,errors=panic                            wait,check,fileencryption=ice,quota
/dev/block/bootdevice/by-name/misc                       /misc                emmc    defaults                                                                                        defaults
/dev/block/bootdevice/by-name/modem                      /vendor/firmware_mnt vfat    ro,shortname=lower,uid=1000,gid=1000,dmask=227,fmask=337,context=u:object_r:firmware_file:s0    wait
/dev/block/bootdevice/by-name/bluetooth                  /vendor/bt_firmware  vfat    ro,shortname=lower,uid=1002,gid=3002,dmask=227,fmask=337,context=u:object_r:bt_firmware_file:s0 wait
/dev/block/bootdevice/by-name/dsp            
{
  "boot.img": {
    "image_size": 18755584,
    "partition_size": null,
    "fits_reference_capacity": null
  },
  "system.img": {
    "image_size": 2940440576,
    "partition_size": 3221225472,
    "fits_reference_capacity": true
  },
  "vendor.img": {
    "image_size": 209600512,
    "partition_size": 2147483648,
    "fits_reference_capacity": true
  }
}
