Unstaged changes after reset:
D	artifacts/static-candidate-package.json
D	docs/operations/github-static-build-37814471259.md
D	docs/operations/github-static-build-37817225905.md
M	logs/20261008T170840933903Z-test-static-package-gates.log
D	logs/20261008T171024466170Z-cloud-static-source-preflight.json
D	logs/20261008T171024466170Z-cloud-static-source-preflight.log
D	logs/20261008T171316307081Z-cloud-static-tools.json
D	logs/20261008T171316307081Z-cloud-static-tools.log
D	logs/20261008T171331425339Z-cloud-static-download.json
D	logs/20261008T171331425339Z-cloud-static-download.log
M	logs/20261008T171937140071Z-prepare-static-log-snapshot.log
D	logs/20261008T173136083068Z-cloud-static-source-preflight.json
D	logs/20261008T173136083068Z-cloud-static-source-preflight.log
D	logs/20261008T173139282121Z-cloud-static-prepare.json
D	logs/20261008T173139282121Z-cloud-static-prepare.log
D	logs/20261008T173525276937Z-cloud-static-tools.json
D	logs/20261008T173525276937Z-cloud-static-tools.log
D	logs/20261008T173544476206Z-cloud-static-download.json
D	logs/20261008T173544476206Z-cloud-static-download.log
D	logs/20261008T174901269330Z-cloud-static-extract.json
D	logs/20261008T174901269330Z-cloud-static-extract.log
D	logs/20261008T174937049395Z-cloud-static-build.json
D	logs/20261008T174937049395Z-cloud-static-build.log
D	logs/20261008T175129732777Z-cloud-static-verify.json
D	logs/20261008T175129732777Z-cloud-static-verify.log
D	logs/20261008T175151540934Z-cloud-static-vintf.json
D	logs/20261008T175151540934Z-cloud-static-vintf.log
D	logs/20261008T175215633540Z-cloud-static-package.json
D	logs/20261008T175215633540Z-cloud-static-package.log
D	logs/20261008T175233066267Z-cloud-static-publish.json
D	logs/20261008T175233066267Z-cloud-static-publish.log
D	research/static-wayne/archive-check.json
D	research/static-wayne/build-input.json
M	research/static-wayne/image-check.json
M	research/static-wayne/native-versions.json
D	research/static-wayne/system-content-check.json
D	research/static-wayne/system-metadata-check.json
D	research/static-wayne/vintf-check.json
Restored cloud MD: 9 missing cloud logs: 26 local checkpoint: artifacts/releases/local-static-checkpoint-20261008
 M logs/20261008T170840933903Z-test-static-package-gates.log
 M logs/20261008T171937140071Z-prepare-static-log-snapshot.log
?? docs/operations/2026-10-05.md
?? logs/20261008T171937140071Z-prepare-static-log-snapshot.json
?? logs/20261008T172011588933Z-recover-static-log-upload.json
?? logs/20261008T172011588933Z-recover-static-log-upload.log
?? logs/20261008T172113044730Z-monitor-static-build-4.json
?? logs/20261008T172113044730Z-monitor-static-build-4.log
?? logs/20261008T172318225178Z-monitor-static-build-5.json
?? logs/20261008T172318225178Z-monitor-static-build-5.log
?? logs/20261008T172444941581Z-monitor-static-build-6.json
?? logs/20261008T172444941581Z-monitor-static-build-6.log
?? logs/20261008T172542569216Z-monitor-static-build-7.json
?? logs/20261008T172542569216Z-monitor-static-build-7.log
?? logs/20261008T172700451255Z-monitor-static-build-8.json
?? logs/20261008T172700451255Z-monitor-static-build-8.log
?? logs/20261008T172800136920Z-clarify-static-release-source.json
?? logs/20261008T172800136920Z-clarify-static-release-source.log
?? logs/20261008T172840808183Z-monitor-static-build-9.json
?? logs/20261008T172840808183Z-monitor-static-build-9.log
?? logs/20261008T172854631160Z-diagnose-static-cloud-failure.json
?? logs/20261008T172854631160Z-diagnose-static-cloud-failure.log
?? logs/20261008T172911759066Z-inspect-static-download-error.json
?? logs/20261008T172911759066Z-inspect-static-download-error.log
?? logs/20261008T173024799503Z-fix-sourceforge-range-retries.json
?? logs/20261008T173024799503Z-fix-sourceforge-range-retries.log
?? logs/20261008T173114051442Z-test-static-download-recovery.json
?? logs/20261008T173114051442Z-test-static-download-recovery.log
?? logs/20261008T173126485439Z-dispatch-repaired-static-build.json
?? logs/20261008T173126485439Z-dispatch-repaired-static-build.log
?? logs/20261008T173150330473Z-monitor-repaired-static-build-1.json
?? logs/20261008T173150330473Z-monitor-repaired-static-build-1.log
?? logs/20261008T173247077883Z-require-source-recovery-regression.json
?? logs/20261008T173247077883Z-require-source-recovery-regression.log
?? logs/20261008T173329236743Z-monitor-repaired-static-build-2.json
?? logs/20261008T173329236743Z-monitor-repaired-static-build-2.log
?? logs/20261008T173443907445Z-preserve-long-operation-md-sync.json
?? logs/20261008T173443907445Z-preserve-long-operation-md-sync.log
?? logs/20261008T173513515723Z-track-repaired-static-workflow.json
?? logs/20261008T173513515723Z-track-repaired-static-workflow.log
?? logs/20261008T173551028990Z-recover-static-publication-race.json
?? logs/20261008T173551028990Z-recover-static-publication-race.log
?? logs/20261008T173633312010Z-verify-sourceforge-retry-network.json
?? logs/20261008T173633312010Z-verify-sourceforge-retry-network.log
?? logs/20261008T173757095078Z-monitor-repaired-static-build-4.json
?? logs/20261008T173757095078Z-monitor-repaired-static-build-4.log
?? logs/20261008T173944432169Z-monitor-repaired-static-build-5.json
?? logs/20261008T173944432169Z-monitor-repaired-static-build-5.log
?? logs/20261008T174125378731Z-bind-public-static-release-evidence.json
?? logs/20261008T174125378731Z-bind-public-static-release-evidence.log
?? logs/20261008T174203233427Z-monitor-repaired-static-build-6.json
?? logs/20261008T174203233427Z-monitor-repaired-static-build-6.log
?? logs/20261008T174359888870Z-monitor-repaired-static-build-7.json
?? logs/20261008T174359888870Z-monitor-repaired-static-build-7.log
?? logs/20261008T174641374485Z-monitor-repaired-static-build-8.json
?? logs/20261008T174641374485Z-monitor-repaired-static-build-8.log
?? logs/20261008T174814818136Z-monitor-repaired-static-build-9.json
?? logs/20261008T174814818136Z-monitor-repaired-static-build-9.log
?? logs/20261008T174953017621Z-monitor-repaired-static-build-10.json
?? logs/20261008T174953017621Z-monitor-repaired-static-build-10.log
?? logs/20261008T175047273152Z-monitor-repaired-static-build-11.json
?? logs/20261008T175047273152Z-monitor-repaired-static-build-11.log
?? logs/20261008T175138747375Z-exclude-static-derived-workspace.json
?? logs/20261008T175138747375Z-exclude-static-derived-workspace.log
?? logs/20261008T175219419223Z-monitor-repaired-static-build-12.json
?? logs/20261008T175219419223Z-monitor-repaired-static-build-12.log
?? logs/20261008T175301233263Z-verify-static-cloud-reports.json
?? logs/20261008T175301233263Z-verify-static-cloud-reports.log
?? logs/20261008T175553231515Z-recover-static-release-draft.json
?? logs/20261008T175553231515Z-recover-static-release-draft.log
?? logs/20261008T175645160098Z-fix-static-draft-release-lookup.json
?? logs/20261008T175645160098Z-fix-static-draft-release-lookup.log
?? logs/20261008T180156436650Z-verify-existing-static-release.json
?? logs/20261008T180156436650Z-verify-existing-static-release.log
?? logs/20261008T180306101151Z-publish-existing-static-release.json
?? logs/20261008T180306101151Z-publish-existing-static-release.log
?? logs/20261008T180330235491Z-verify-public-static-delivery.json
?? logs/20261008T180330235491Z-verify-public-static-delivery.log
?? logs/20261008T180504521550Z-finalize-static-delivery-docs.json
?? logs/20261008T180504521550Z-finalize-static-delivery-docs.log
?? logs/20261008T180700465875Z-align-final-static-workspace.log

