{"restored_cloud_files": 14, "large_archives_untouched": true}
 M docs/operations/2026-10-08.md
 M logs/20261008T153100526022Z-prepare-oct8-evidence.log
?? docs/operations/2026-10-05.md
?? logs/20261008T153100526022Z-prepare-oct8-evidence.json
?? logs/20261008T153134206264Z-track-donor-completion.json
?? logs/20261008T153134206264Z-track-donor-completion.log
?? logs/20261008T153228946406Z-review-build-publication-order.json
?? logs/20261008T153228946406Z-review-build-publication-order.log
?? logs/20261008T153243623054Z-monitor-next-cloud-stage.json
?? logs/20261008T153243623054Z-monitor-next-cloud-stage.log
?? logs/20261008T153353052779Z-review-known-policy-limits.json
?? logs/20261008T153353052779Z-review-known-policy-limits.log
?? logs/20261008T153405738427Z-refresh-current-readme-state.json
?? logs/20261008T153405738427Z-refresh-current-readme-state.log
?? logs/20261008T153433408424Z-watch-source-verification.json
?? logs/20261008T153433408424Z-watch-source-verification.log
?? logs/20261008T153538528300Z-follow-cloud-download-result.json
?? logs/20261008T153538528300Z-follow-cloud-download-result.log
?? logs/20261008T153651989663Z-check-live-log-availability.json
?? logs/20261008T153651989663Z-check-live-log-availability.log
?? logs/20261008T153804223883Z-probe-donor-midrange.json
?? logs/20261008T153804223883Z-probe-donor-midrange.log
?? logs/20261008T153824058789Z-monitor-after-midrange-probe.json
?? logs/20261008T153824058789Z-monitor-after-midrange-probe.log
?? logs/20261008T153924688962Z-verify-cloud-download-evidence.json
?? logs/20261008T153924688962Z-verify-cloud-download-evidence.log
?? logs/20261008T153937323508Z-follow-cloud-image-build.json
?? logs/20261008T153937323508Z-follow-cloud-image-build.log
?? logs/20261008T154034499496Z-monitor-rebuilt-images.json
?? logs/20261008T154034499496Z-monitor-rebuilt-images.log
?? logs/20261008T154136354865Z-follow-repack-verification.json
?? logs/20261008T154136354865Z-follow-repack-verification.log
?? logs/20261008T154235574883Z-diagnose-cloud-postbuild-failure.json
?? logs/20261008T154235574883Z-diagnose-cloud-postbuild-failure.log
?? logs/20261008T154337691890Z-fix-progress-push-race.json
?? logs/20261008T154337691890Z-fix-progress-push-race.log
?? logs/20261008T154356904320Z-test-progress-race-recovery.json
?? logs/20261008T154356904320Z-test-progress-race-recovery.log
?? logs/20261008T154419117259Z-restart-after-progress-race-fix.json
?? logs/20261008T154419117259Z-restart-after-progress-race-fix.log
?? logs/20261008T154455659472Z-update-race-fix-checkpoint.json
?? logs/20261008T154455659472Z-update-race-fix-checkpoint.log
?? logs/20261008T154529811531Z-confirm-restarted-run.json
?? logs/20261008T154529811531Z-confirm-restarted-run.log
?? logs/20261008T154559176132Z-inspect-restored-remote-checkpoint.json
?? logs/20261008T154559176132Z-inspect-restored-remote-checkpoint.log
?? logs/20261008T154622034297Z-align-published-git-checkpoint.log

