{"conclusion":"","jobs":[{"completedAt":"0001-01-01T00:00:00Z","conclusion":"","databaseId":113390025462,"name":"build","startedAt":"2026-10-08T15:22:18Z","status":"in_progress","steps":[{"conclusion":"success","name":"Set up job","number":1,"status":"completed"},{"conclusion":"success","name":"Run actions/checkout@11bd71901bbe5b1630ceea73d27597364c9af683","number":2,"status":"completed"},{"conclusion":"success","name":"Run actions/setup-python@v5","number":3,"status":"completed"},{"conclusion":"success","name":"Preflight original source and publish result","number":4,"status":"completed"},{"conclusion":"success","name":"Prepare ephemeral runner","number":5,"status":"completed"},{"conclusion":"","name":"Build, record progress and publish verified experimental assets","number":6,"status":"in_progress"},{"conclusion":"","name":"Post Run actions/setup-python@v5","number":11,"status":"pending"},{"conclusion":"","name":"Post Run actions/checkout@11bd71901bbe5b1630ceea73d27597364c9af683","number":12,"status":"pending"}],"url":"https://github.com/gaozhenyang56-blip/wayne-hyperos4/actions/runs/37800194092/job/113390025462"}],"status":"in_progress"}

# 逐次操作日志

时间显示为 Asia/Shanghai，同时保留 UTC 审计时间。

## 2026-10-08T23:22:20.987765+08:00 — cloud-source-preflight

UTC 起始：2026-10-08T15:22:20.987765+00:00；结束：2026-10-08T15:22:22.924023+00:00。

做了什么：检查供体原包分段入口。

发生了什么：云端取得正确 ZIP 头和完整文件大小。

下一步：预检成功后继续下载；失败时寻找可核验的原包镜像。

证据：[原始日志](../../logs/20261008T152220987765Z-cloud-source-preflight.log)。

## 2026-10-08T15:25:05.754147+00:00

做了什么：开始编译固定版本的镜像工具。

发生了什么：云端任务已进入本阶段。

下一步：完成本阶段后，取得并校验社区供体和 wayne 原包材料。

## 2026-10-08T23:25:08.311395+08:00 — cloud-tools

UTC 起始：2026-10-08T15:25:08.311395+00:00；结束：2026-10-08T15:25:24.540575+00:00。

做了什么：编译固定版本的镜像工具。

发生了什么：镜像工具准备完成。

下一步：取得并校验社区供体和 wayne 原包材料

证据：[原始日志](../../logs/20261008T152508311395Z-cloud-tools.log)。

## 2026-10-08T15:25:25.895070+00:00

做了什么：开始取得并校验社区供体和 wayne 原包材料。

发生了什么：云端任务已进入本阶段。

下一步：完成本阶段后，重建系统与目标 vendor，提取原始 inode 元数据。


