{"downloaded": 16777216, "total": 2683141762, "percent": 0.6}
{"downloaded": 33554432, "total": 2683141762, "percent": 1.3}
{"downloaded": 50331648, "total": 2683141762, "percent": 1.9}
{"downloaded": 67108864, "total": 2683141762, "percent": 2.5}
{"downloaded": 83886080, "total": 2683141762, "percent": 3.1}
{"downloaded": 100663296, "total": 2683141762, "percent": 3.8}
{"downloaded": 117440512, "total": 2683141762, "percent": 4.4}
{"downloaded": 134217728, "total": 2683141762, "percent": 5.0}
{"downloaded": 150994944, "total": 2683141762, "percent": 5.6}
{"downloaded": 167772160, "total": 2683141762, "percent": 6.3}
{"downloaded": 184549376, "total": 2683141762, "percent": 6.9}
{"downloaded": 201326592, "total": 2683141762, "percent": 7.5}
{"downloaded": 218103808, "total": 2683141762, "percent": 8.1}
{"downloaded": 234881024, "total": 2683141762, "percent": 8.8}
{"downloaded": 251658240, "total": 2683141762, "percent": 9.4}
{"downloaded": 268435456, "total": 2683141762, "percent": 10.0}
{"downloaded": 285212672, "total": 2683141762, "percent": 10.6}
{"downloaded": 301989888, "total": 2683141762, "percent": 11.3}
{"downloaded": 318767104, "total": 2683141762, "percent": 11.9}
{"downloaded": 335544320, "total": 2683141762, "percent": 12.5}
{"downloaded": 352321536, "total": 2683141762, "percent": 13.1}
{"downloaded": 369098752, "total": 2683141762, "percent": 13.8}
{"downloaded": 385875968, "total": 2683141762, "percent": 14.4}
{"downloaded": 402653184, "total": 2683141762, "percent": 15.0}
{"downloaded": 419430400, "total": 2683141762, "percent": 15.6}
{"downloaded": 436207616, "total": 2683141762, "percent": 16.3}
{"downloaded": 452984832, "total": 2683141762, "percent": 16.9}
{"downloaded": 469762048, "total": 2683141762, "percent": 17.5}
{"downloaded": 486539264, "total": 2683141762, "percent": 18.1}
{"downloaded": 503316480, "total": 2683141762, "percent": 18.8}
{"downloaded": 520093696, "total": 2683141762, "percent": 19.4}
{"downloaded": 536870912, "total": 2683141762, "percent": 20.0}
{"downloaded": 553648128, "total": 2683141762, "percent": 20.6}
{"downloaded": 570425344, "total": 2683141762, "percent": 21.3}
{"downloaded": 587202560, "total": 2683141762, "percent": 21.9}
{"downloaded": 603979776, "total": 2683141762, "percent": 22.5}
{"downloaded": 620756992, "total": 2683141762, "percent": 23.1}
{"downloaded": 637534208, "total": 2683141762, "percent": 23.8}
{"downloaded": 654311424, "total": 2683141762, "percent": 24.4}
{"downloaded": 671088640, "total": 2683141762, "percent": 25.0}
{"downloaded": 687865856, "total": 2683141762, "percent": 25.6}
{"downloaded": 704643072, "total": 2683141762, "percent": 26.3}
{"downloaded": 721420288, "total": 2683141762, "percent": 26.9}
{"downloaded": 738197504, "total": 2683141762, "percent": 27.5}
{"downloaded": 754974720, "total": 2683141762, "percent": 28.1}
{"downloaded": 771751936, "total": 2683141762, "percent": 28.8}
{"downloaded": 788529152, "total": 2683141762, "percent": 29.4}
{"downloaded": 805306368, "total": 2683141762, "percent": 30.0}
{"downloaded": 822083584, "total": 2683141762, "percent": 30.6}
{"downloaded": 838860800, "total": 2683141762, "percent": 31.3}
{"downloaded": 855638016, "total": 2683141762, "percent": 31.9}
{"downloaded": 872415232, "total": 2683141762, "percent": 32.5}
{"downloaded": 889192448, "total": 2683141762, "percent": 33.1}
{"retry": "892338176", "attempt": 1, "error": "HTTP Error 500: Internal Server Error"}
{"downloaded": 905969664, "total": 2683141762, "percent": 33.8}
{"downloaded": 922746880, "total": 2683141762, "percent": 34.4}
{"downloaded": 939524096, "total": 2683141762, "percent": 35.0}
{"downloaded": 956301312, "total": 2683141762, "percent": 35.6}
{"downloaded": 973078528, "total": 2683141762, "percent": 36.3}
{"downloaded": 989855744, "total": 2683141762, "percent": 36.9}
{"downloaded": 1006632960, "total": 2683141762, "percent": 37.5}
{"downloaded": 1023410176, "total": 2683141762, "percent": 38.1}
{"downloaded": 1040187392, "total": 2683141762, "percent": 38.8}
{"downloaded": 1056964608, "total": 2683141762, "percent": 39.4}
{"downloaded": 1073741824, "total": 2683141762, "percent": 40.0}
{"downloaded": 1090519040, "total": 2683141762, "percent": 40.6}
{"downloaded": 1107296256, "total": 2683141762, "percent": 41.3}
{"downloaded": 1124073472, "total": 2683141762, "percent": 41.9}
{"downloaded": 1140850688, "total": 2683141762, "percent": 42.5}
{"downloaded": 1157627904, "total": 2683141762, "percent": 43.1}
{"downloaded": 1174405120, "total": 2683141762, "percent": 43.8}
{"downloaded": 1191182336, "total": 2683141762, "percent": 44.4}
{"downloaded": 1207959552, "total": 2683141762, "percent": 45.0}
{"downloaded": 1224736768, "total": 2683141762, "percent": 45.6}
{"downloaded": 1241513984, "total": 2683141762, "percent": 46.3}
{"downloaded": 1258291200, "total": 2683141762, "percent": 46.9}
{"downloaded": 1275068416, "total": 2683141762, "percent": 47.5}
{"downloaded": 1291845632, "total": 2683141762, "percent": 48.1}
{"downloaded": 1308622848, "total": 2683141762, "percent": 48.8}
{"downloaded": 1325400064, "total": 2683141762, "percent": 49.4}
{"downloaded": 1342177280, "total": 2683141762, "percent": 50.0}
{"downloaded": 1358954496, "total": 2683141762, "percent": 50.6}
{"downloaded": 1375731712, "total": 2683141762, "percent": 51.3}
{"downloaded": 1392508928, "total": 2683141762, "percent": 51.9}
{"downloaded": 1409286144, "total": 2683141762, "percent": 52.5}
{"downloaded": 1426063360, "total": 2683141762, "percent": 53.1}
{"downloaded": 1442840576, "total": 2683141762, "percent": 53.8}
{"downloaded": 1459617792, "total": 2683141762, "percent": 54.4}
{"downloaded": 1476395008, "total": 2683141762, "percent": 55.0}
{"downloaded": 1493172224, "total": 2683141762, "percent": 55.7}
{"downloaded": 1509949440, "total": 2683141762, "percent": 56.3}
{"downloaded": 1526726656, "total": 2683141762, "percent": 56.9}
{"downloaded": 1543503872, "total": 2683141762, "percent": 57.5}
{"downloaded": 1560281088, "total": 2683141762, "percent": 58.2}
{"downloaded": 1577058304, "total": 2683141762, "percent": 58.8}
{"downloaded": 1593835520, "total": 2683141762, "percent": 59.4}
{"downloaded": 1610612736, "total": 2683141762, "percent": 60.0}
{"downloaded": 1627389952, "total": 2683141762, "percent": 60.7}
{"downloaded": 1644167168, "total": 2683141762, "percent": 61.3}
{"downloaded": 1660944384, "total": 2683141762, "percent": 61.9}
{"downloaded": 1677721600, "total": 2683141762, "percent": 62.5}
{"downloaded": 1694498816, "total": 2683141762, "percent": 63.2}
{"downloaded": 1711276032, "total": 2683141762, "percent": 63.8}
{"downloaded": 1728053248, "total": 2683141762, "percent": 64.4}
{"downloaded": 1744830464, "total": 2683141762, "percent": 65.0}
{"downloaded": 1761607680, "total": 2683141762, "percent": 65.7}
{"downloaded": 1778384896, "total": 2683141762, "percent": 66.3}
{"downloaded": 1795162112, "total": 2683141762, "percent": 66.9}
{"downloaded": 1811939328, "total": 2683141762, "percent": 67.5}
{"downloaded": 1828716544, "total": 2683141762, "percent": 68.2}
{"downloaded": 1845493760, "total": 2683141762, "percent": 68.8}
{"downloaded": 1862270976, "total": 2683141762, "percent": 69.4}
{"downloaded": 1879048192, "total": 2683141762, "percent": 70.0}
{"downloaded": 1895825408, "total": 2683141762, "percent": 70.7}
{"downloaded": 1912602624, "total": 2683141762, "percent": 71.3}
{"downloaded": 1929379840, "total": 2683141762, "percent": 71.9}
{"downloaded": 1946157056, "total": 2683141762, "percent": 72.5}
{"downloaded": 1962934272, "total": 2683141762, "percent": 73.2}
{"downloaded": 1979711488, "total": 2683141762, "percent": 73.8}
{"downloaded": 1996488704, "total": 2683141762, "percent": 74.4}
{"downloaded": 2013265920, "total": 2683141762, "percent": 75.0}
{"downloaded": 2030043136, "total": 2683141762, "percent": 75.7}
{"downloaded": 2046820352, "total": 2683141762, "percent": 76.3}
{"downloaded": 2063597568, "total": 2683141762, "percent": 76.9}
{"downloaded": 2080374784, "total": 2683141762, "percent": 77.5}
{"downloaded": 2097152000, "total": 2683141762, "percent": 78.2}
{"downloaded": 2113929216, "total": 2683141762, "percent": 78.8}
{"downloaded": 2130706432, "total": 2683141762, "percent": 79.4}
{"downloaded": 2147483648, "total": 2683141762, "percent": 80.0}
{"downloaded": 2164260864, "total": 2683141762, "percent": 80.7}
{"downloaded": 2181038080, "total": 2683141762, "percent": 81.3}
{"downloaded": 2197815296, "total": 2683141762, "percent": 81.9}
{"downloaded": 2214592512, "total": 2683141762, "percent": 82.5}
{"downloaded": 2231369728, "total": 2683141762, "percent": 83.2}
{"downloaded": 2248146944, "total": 2683141762, "percent": 83.8}
{"downloaded": 2264924160, "total": 2683141762, "percent": 84.4}
{"downloaded": 2281701376, "total": 2683141762, "percent": 85.0}
{"downloaded": 2298478592, "total": 2683141762, "percent": 85.7}
{"downloaded": 2315255808, "total": 2683141762, "percent": 86.3}
{"downloaded": 2332033024, "total": 2683141762, "percent": 86.9}
{"downloaded": 2348810240, "total": 2683141762, "percent": 87.5}
{"downloaded": 2365587456, "total": 2683141762, "percent": 88.2}
{"downloaded": 2382364672, "total": 2683141762, "percent": 88.8}
{"downloaded": 2399141888, "total": 2683141762, "percent": 89.4}
{"downloaded": 2415919104, "total": 2683141762, "percent": 90.0}
{"downloaded": 2432696320, "total": 2683141762, "percent": 90.7}
{"downloaded": 2449473536, "total": 2683141762, "percent": 91.3}
{"downloaded": 2466250752, "total": 2683141762, "percent": 91.9}
{"downloaded": 2483027968, "total": 2683141762, "percent": 92.5}
{"downloaded": 2499805184, "total": 2683141762, "percent": 93.2}
{"downloaded": 2516582400, "total": 2683141762, "percent": 93.8}
{"downloaded": 2533359616, "total": 2683141762, "percent": 94.4}
{"downloaded": 2550136832, "total": 2683141762, "percent": 95.0}
{"downloaded": 2566914048, "total": 2683141762, "percent": 95.7}
{"downloaded": 2583691264, "total": 2683141762, "percent": 96.3}
{"downloaded": 2600468480, "total": 2683141762, "percent": 96.9}
{"downloaded": 2617245696, "total": 2683141762, "percent": 97.5}
{"downloaded": 2634022912, "total": 2683141762, "percent": 98.2}
{"downloaded": 2650800128, "total": 2683141762, "percent": 98.8}
{"downloaded": 2667577344, "total": 2683141762, "percent": 99.4}
{"downloaded": 2683141762, "total": 2683141762, "percent": 100.0}
{"url": "https://drive.usercontent.google.com/download?id=1_Tu-HcN1PIz4PItm5vvCuh5FrjJpfDTX&export=download&confirm=t", "size": 2683141762, "sha256": "1a9a9eb684e1174455ae3a84524de2e4f309ddc62e7dacae6565aa8d2dd14c39", "complete_file_sha256_verified": true, "signature_verified": false, "hash_source": "user-supplied expected hash / public download-provider metadata"}
{
  "zip_size": 1174958782,
  "http_bytes_read": 166796489,
  "metadata": {
    "META-INF/com/android/metadata": "ota-property-files=metadata:69:305,metadata.pb:442:185                 \nota-required-cache=0\nota-type=BLOCK\npost-build=Xiaomi/miku_wayne/wayne:15/AP4A.250205.002/177:user/dev-keys\npost-build-incremental=177\npost-sdk-level=35\npost-security-patch-level=2025-02-05\npost-timestamp=1739036835\npre-device=wayne\n",
    "dynamic_partitions_op_list": "# Remove all existing dynamic partitions and groups before applying full OTA\nremove_all_groups\n# Add group xiaomi_dynamic_partitions with maximum size 6241120256\nadd_group xiaomi_dynamic_partitions 6241120256\n# Add partition system to group xiaomi_dynamic_partitions\nadd system xiaomi_dynamic_partitions\n# Add partition vendor to group xiaomi_dynamic_partitions\nadd vendor xiaomi_dynamic_partitions\n# Add partition product to group xiaomi_dynamic_partitions\nadd product xiaomi_dynamic_partitions\n# Add partition system_ext to group xiaomi_dynamic_partitions\nadd system_ext xiaomi_dynamic_partitions\n# Grow partition system from 0 to 639102976\nresize system 639102976\n# Grow partition vendor from 0 to 209600512\nresize vendor 209600512\n# Grow partition product from 0 to 344276992\nresize product 344276992\n# Grow partition system_ext from 0 to 232849408\nresize system_ext 232849408\n",
    "META-INF/com/google/android/updater-script": "assert(getprop(\"ro.product.device\") == \"wayne\" || getprop(\"ro.build.product\") == \"wayne\" || abort(\"E3004: This package is for device: wayne; this device is \" + getprop(\"ro.product.device\") + \".\"););\nui_print(\"Target: Xiaomi/miku_wayne/wayne:15/AP4A.250205.002/177:user/dev-keys\");\nui_print(\"               ..,:cc::c,\");\nui_print(\"              ;xO000K0000l.\");\nui_print(\"             ,k00000000000o.\");\nui_print(\"            .d000000000xlk0o.\");\nui_print(\"            c00kxxO000x'.l00o.\");\nui_print(\"           ,kKk:,cx000kl.,k00o.\");\nui_print(\"          .d00kxk0000000:.o000d.\");\nui_print(\"          c000000000000O; ,O000d.\");\nui_print(\"         ,k000000000OkOO; .o0000d.\");\nui_print(\"        .x00000000kc.;x0:  ;O0000d.\");\nui_print(\"       .o00000000Kk, 'xKl  .d00000d.\");\nui_print(\"      .l00000000000xllkKx.  :O00000d.\");\nui_print(\"      :O0000000000000000O:  .x000000l.\");\nui_print(\"     ,k000000000000000000d.  c000000O:\");\nui_print(\"    'x0000000000000kox000O;  ,O00000Kx'\");\nui_print(\"   ,x00000000kl:d00OxkO000c  .x0000000:\");\nui_print(\"  ,k000000000l. .x00Kx:;:,.  .d0000000o.\");\nui_print(\" 'x0000000000:   ;OKKO;      .x0000000d.\");\nui_print(\".l0000000000O,   .o000l.     ;O000000Kx.\");\nui_print(\",k0000000000O,    ;O0Kx'    .o00000000l.\");\nui_print(\":000000000000:    .o00O;    ;O0000000x'\");\nui_print(\"c0000000000Ol;.    'cx0d.  .x0000000O;\");\nui_print(\";O00000000k,  .      ,x0o. :0000000O:\");\nui_print(\".l00000000c           'x0l.,dk000Oo'\");\nui_print(\" .;xO0Odkk'            .xO: .,xOl'\");\nui_print(\"   .,ol:xd.             ,kx.  ''\");\nui_print(\"       'xk'             .l0c\");\nui_print(\"       .d0l.            .d0x'\");\nui_print(\"       .l0k,            ,k0d.\");\nui_print(\"        .;,.            .,;.  \");\nui_print(\"███    ███ ██ ██   ██ ██    ██     ██    ██ ██\");\nui_print(\"████  ████ ██ ██  ██  ██    ██     ██    ██ ██\");\nui_print(\"██ ████ ██ ██ █████   ██    ██     ██    ██ ██\");\nui_print(\"██  ██  ██ ██ ██  ██  ██    ██     ██    ██ ██\");\nui_print(\"██      ██ ██ ██   ██  ██████       ██████  ██\");\nui_print(\"----------------------------------------------\");\nui_print(\"Hey~Nice to meet you! | 呀，你来啦！ \");\nui_print(\"-\");\nui_print(\"You are installing Miku UI Vampire_0.6.0 based on Android 15\");\nui_print(\"你正在安装基于Android 15的Miku UI Vampire_0.6.0~\");\nui_print(\"-\");\nui_print(\"Build date...let me see.. emm Sun Feb  9 01:47:15 CST 2025\");\nui_print(\"这个Miku UI是在Sun Feb  9 01:47:15 CST 2025的时候编译出来的哦\");\nui_print(\"-\");\nui_print(\"Well...The device you are using is Xiaomi MI 6X, right?\");\nui_print(\"嗯...你正在用的是来自Xiaomi的MI 6X...对吧？只是确认一下~\");\nui_print(\"-\");\nui_print(\"If you have any issue about Miku UI, just contact xiaoleGun QwQ\");\nui_print(\"这个Miku UI的编译者是xiaoleGun.有问题请去找Ta哦！QwQ\");\nui_print(\"----------------------------------------------\");\nui_print(\"Just sit down, and enjoy a VOCALOID song~\");\nui_print(\"接下来就请坐下来听一首V家曲吧~\");\nui_print(\"----------------------------------------------\");\n\n# --- Start patching dynamic partitions ---\n\n\n# Update dynamic partition metadata\n\nassert(update_dynamic_partitions(package_extract_file(\"dynamic_partitions_op_list\")));\n\n# Patch partition system\n\nui_print(\"Patching system image unconditionally...\");\nshow_progress(0.600000, 0);\nblock_image_update(map_partition(\"system\"), package_extract_file(\"system.transfer.list\"), \"system.new.dat.br\", \"system.patch.dat\") ||\n  abort(\"E1001: Failed to update system image.\");\n\n# Patch partition vendor\n\nui_print(\"Patching vendor image unconditionally...\");\nshow_progress(0.100000, 0);\nblock_image_update(map_partition(\"vendor\"), package_extract_file(\"vendor.transfer.list\"), \"vendor.new.dat.br\", \"vendor.patch.dat\") ||\n  abort(\"E2001: Failed to update vendor image.\");\n\n# Patch partition product\n\nui_print(\"Patching product image unconditionally...\");\nshow_progress(0.100000, 0);\nblock_image_update(map_partition(\"product\"), package_extract_file(\"product.transfer.list\"), \"product.new.dat.br\", \"product.patch.dat\") ||\n  abort(\"E2001: Failed to update product image.\");\n\n# Patch partition system_ext\n\nui_print(\"Patching system_ext image unconditionally...\");\nshow_progress(0.100000, 0);\nblock_image_update(map_partition(\"system_ext\"), package_extract_file(\"system_ext.transfer.list\"), \"system_ext.new.dat.br\", \"system_ext.patch.dat\") ||\n  abort(\"E2001: Failed to update system_ext image.\");\n\n# --- End patching dynamic partitions ---\n\npackage_extract_file(\"boot.img\", \"/dev/block/bootdevice/by-name/boot\");\nshow_progress(0.100000, 10);\nset_progress(1.000000);\n"
  }
}
