mkfs.erofs 1.8.6
Processing . ...
Processing product ...
Processing system ...
Processing system_ext ...
Processing product/etc ...
Processing product/etc/build.prop ...
Processing system/build.prop ...
Processing system/etc ...
Processing system/etc/vintf ...
Processing system/etc/vintf/compatibility_matrix.5.xml ...
Processing system_ext/etc ...
Processing system_ext/etc/build.prop ...
Build completed.

------
Filesystem UUID: b0970b7a-2828-43c3-bb3e-935c93d88004
Filesystem total blocks: 8 (of 4096-byte blocks)
Filesystem total inodes: 12
Filesystem total metadata blocks: 1
Filesystem total deduplicated bytes (of source files): 0
